C:/Users/bhern_000/STM32CubeIDE/workspace_1.9.0/BSP/Src/stm32f4xx_it.c:54:6:NMI_Handler	0	static
C:/Users/bhern_000/STM32CubeIDE/workspace_1.9.0/BSP/Src/stm32f4xx_it.c:63:6:HardFault_Handler	0	static
C:/Users/bhern_000/STM32CubeIDE/workspace_1.9.0/BSP/Src/stm32f4xx_it.c:76:6:MemManage_Handler	0	static
C:/Users/bhern_000/STM32CubeIDE/workspace_1.9.0/BSP/Src/stm32f4xx_it.c:89:6:BusFault_Handler	0	static
C:/Users/bhern_000/STM32CubeIDE/workspace_1.9.0/BSP/Src/stm32f4xx_it.c:102:6:UsageFault_Handler	0	static
C:/Users/bhern_000/STM32CubeIDE/workspace_1.9.0/BSP/Src/stm32f4xx_it.c:115:6:SVC_Handler	0	static
C:/Users/bhern_000/STM32CubeIDE/workspace_1.9.0/BSP/Src/stm32f4xx_it.c:124:6:DebugMon_Handler	0	static
C:/Users/bhern_000/STM32CubeIDE/workspace_1.9.0/BSP/Src/stm32f4xx_it.c:133:6:PendSV_Handler	0	static
C:/Users/bhern_000/STM32CubeIDE/workspace_1.9.0/BSP/Src/stm32f4xx_it.c:142:6:SysTick_Handler	8	static
C:/Users/bhern_000/STM32CubeIDE/workspace_1.9.0/BSP/Src/stm32f4xx_it.c:160:6:EXTI0_IRQHandler	0	static
