Archive member included to satisfy reference by file (symbol)

c:/st/stm32cubeide_1.9.0/stm32cubeide/plugins/com.st.stm32cube.ide.mcu.externaltools.gnu-tools-for-stm32.10.3-2021.10.win32_1.0.0.202111181127/tools/bin/../lib/gcc/arm-none-eabi/10.3.1/../../../../arm-none-eabi/lib/thumb/v7e-m+fp/hard\libc_nano.a(lib_a-errno.o)
                              ./syscalls.o (__errno)
c:/st/stm32cubeide_1.9.0/stm32cubeide/plugins/com.st.stm32cube.ide.mcu.externaltools.gnu-tools-for-stm32.10.3-2021.10.win32_1.0.0.202111181127/tools/bin/../lib/gcc/arm-none-eabi/10.3.1/../../../../arm-none-eabi/lib/thumb/v7e-m+fp/hard\libc_nano.a(lib_a-exit.o)
                              c:/st/stm32cubeide_1.9.0/stm32cubeide/plugins/com.st.stm32cube.ide.mcu.externaltools.gnu-tools-for-stm32.10.3-2021.10.win32_1.0.0.202111181127/tools/bin/../lib/gcc/arm-none-eabi/10.3.1/../../../../arm-none-eabi/lib/thumb/v7e-m+fp/hard/crt0.o (exit)
c:/st/stm32cubeide_1.9.0/stm32cubeide/plugins/com.st.stm32cube.ide.mcu.externaltools.gnu-tools-for-stm32.10.3-2021.10.win32_1.0.0.202111181127/tools/bin/../lib/gcc/arm-none-eabi/10.3.1/../../../../arm-none-eabi/lib/thumb/v7e-m+fp/hard\libc_nano.a(lib_a-impure.o)
                              c:/st/stm32cubeide_1.9.0/stm32cubeide/plugins/com.st.stm32cube.ide.mcu.externaltools.gnu-tools-for-stm32.10.3-2021.10.win32_1.0.0.202111181127/tools/bin/../lib/gcc/arm-none-eabi/10.3.1/../../../../arm-none-eabi/lib/thumb/v7e-m+fp/hard\libc_nano.a(lib_a-exit.o) (_global_impure_ptr)
c:/st/stm32cubeide_1.9.0/stm32cubeide/plugins/com.st.stm32cube.ide.mcu.externaltools.gnu-tools-for-stm32.10.3-2021.10.win32_1.0.0.202111181127/tools/bin/../lib/gcc/arm-none-eabi/10.3.1/../../../../arm-none-eabi/lib/thumb/v7e-m+fp/hard\libc_nano.a(lib_a-init.o)
                              c:/st/stm32cubeide_1.9.0/stm32cubeide/plugins/com.st.stm32cube.ide.mcu.externaltools.gnu-tools-for-stm32.10.3-2021.10.win32_1.0.0.202111181127/tools/bin/../lib/gcc/arm-none-eabi/10.3.1/../../../../arm-none-eabi/lib/thumb/v7e-m+fp/hard/crt0.o (__libc_init_array)
c:/st/stm32cubeide_1.9.0/stm32cubeide/plugins/com.st.stm32cube.ide.mcu.externaltools.gnu-tools-for-stm32.10.3-2021.10.win32_1.0.0.202111181127/tools/bin/../lib/gcc/arm-none-eabi/10.3.1/../../../../arm-none-eabi/lib/thumb/v7e-m+fp/hard\libc_nano.a(lib_a-memset.o)
                              c:/st/stm32cubeide_1.9.0/stm32cubeide/plugins/com.st.stm32cube.ide.mcu.externaltools.gnu-tools-for-stm32.10.3-2021.10.win32_1.0.0.202111181127/tools/bin/../lib/gcc/arm-none-eabi/10.3.1/../../../../arm-none-eabi/lib/thumb/v7e-m+fp/hard/crt0.o (memset)
c:/st/stm32cubeide_1.9.0/stm32cubeide/plugins/com.st.stm32cube.ide.mcu.externaltools.gnu-tools-for-stm32.10.3-2021.10.win32_1.0.0.202111181127/tools/bin/../lib/gcc/arm-none-eabi/10.3.1/../../../../arm-none-eabi/lib/thumb/v7e-m+fp/hard\libc_nano.a(lib_a-printf.o)
                              ./Example/User/log.o (printf)
c:/st/stm32cubeide_1.9.0/stm32cubeide/plugins/com.st.stm32cube.ide.mcu.externaltools.gnu-tools-for-stm32.10.3-2021.10.win32_1.0.0.202111181127/tools/bin/../lib/gcc/arm-none-eabi/10.3.1/../../../../arm-none-eabi/lib/thumb/v7e-m+fp/hard\libc_nano.a(lib_a-sprintf.o)
                              ./Example/User/main.o (sprintf)
c:/st/stm32cubeide_1.9.0/stm32cubeide/plugins/com.st.stm32cube.ide.mcu.externaltools.gnu-tools-for-stm32.10.3-2021.10.win32_1.0.0.202111181127/tools/bin/../lib/gcc/arm-none-eabi/10.3.1/../../../../arm-none-eabi/lib/thumb/v7e-m+fp/hard\libc_nano.a(lib_a-findfp.o)
                              c:/st/stm32cubeide_1.9.0/stm32cubeide/plugins/com.st.stm32cube.ide.mcu.externaltools.gnu-tools-for-stm32.10.3-2021.10.win32_1.0.0.202111181127/tools/bin/../lib/gcc/arm-none-eabi/10.3.1/../../../../arm-none-eabi/lib/thumb/v7e-m+fp/hard\libc_nano.a(lib_a-printf.o) (__sinit)
c:/st/stm32cubeide_1.9.0/stm32cubeide/plugins/com.st.stm32cube.ide.mcu.externaltools.gnu-tools-for-stm32.10.3-2021.10.win32_1.0.0.202111181127/tools/bin/../lib/gcc/arm-none-eabi/10.3.1/../../../../arm-none-eabi/lib/thumb/v7e-m+fp/hard\libc_nano.a(lib_a-fwalk.o)
                              c:/st/stm32cubeide_1.9.0/stm32cubeide/plugins/com.st.stm32cube.ide.mcu.externaltools.gnu-tools-for-stm32.10.3-2021.10.win32_1.0.0.202111181127/tools/bin/../lib/gcc/arm-none-eabi/10.3.1/../../../../arm-none-eabi/lib/thumb/v7e-m+fp/hard\libc_nano.a(lib_a-findfp.o) (_fwalk)
c:/st/stm32cubeide_1.9.0/stm32cubeide/plugins/com.st.stm32cube.ide.mcu.externaltools.gnu-tools-for-stm32.10.3-2021.10.win32_1.0.0.202111181127/tools/bin/../lib/gcc/arm-none-eabi/10.3.1/../../../../arm-none-eabi/lib/thumb/v7e-m+fp/hard\libc_nano.a(lib_a-lock.o)
                              c:/st/stm32cubeide_1.9.0/stm32cubeide/plugins/com.st.stm32cube.ide.mcu.externaltools.gnu-tools-for-stm32.10.3-2021.10.win32_1.0.0.202111181127/tools/bin/../lib/gcc/arm-none-eabi/10.3.1/../../../../arm-none-eabi/lib/thumb/v7e-m+fp/hard\libc_nano.a(lib_a-findfp.o) (__retarget_lock_init_recursive)
[...]
Memory Configuration

Name             Origin             Length             Attributes
FLASH            0x0000000008000000 0x0000000000200000 xr
RAM              0x0000000020000000 0x0000000000030000 xrw
CCMRAM           0x0000000010000000 0x0000000000010000 rw
*default*        0x0000000000000000 0xffffffffffffffff

Linker script and memory map

LOAD c:/st/stm32cubeide_1.9.0/stm32cubeide/plugins/com.st.stm32cube.ide.mcu.externaltools.gnu-tools-for-stm32.10.3-2021.10.win32_1.0.0.202111181127/tools/bin/../lib/gcc/arm-none-eabi/10.3.1/thumb/v7e-m+fp/hard/crti.o
LOAD c:/st/stm32cubeide_1.9.0/stm32cubeide/plugins/com.st.stm32cube.ide.mcu.externaltools.gnu-tools-for-stm32.10.3-2021.10.win32_1.0.0.202111181127/tools/bin/../lib/gcc/arm-none-eabi/10.3.1/thumb/v7e-m+fp/hard/crtbegin.o
LOAD c:/st/stm32cubeide_1.9.0/stm32cubeide/plugins/com.st.stm32cube.ide.mcu.externaltools.gnu-tools-for-stm32.10.3-2021.10.win32_1.0.0.202111181127/tools/bin/../lib/gcc/arm-none-eabi/10.3.1/../../../../arm-none-eabi/lib/thumb/v7e-m+fp/hard/crt0.o
LOAD ./Drivers/BSP/Components/ili9341.o
LOAD ./Drivers/BSP/Components/l3gd20.o
LOAD ./Drivers/BSP/Components/stmpe811.o
LOAD ./Drivers/BSP/STM32F429I-Discovery/stm32f429i_discovery.o
LOAD ./Drivers/BSP/STM32F429I-Discovery/stm32f429i_discovery_eeprom.o
LOAD ./Drivers/BSP/STM32F429I-Discovery/stm32f429i_discovery_gyroscope.o
LOAD ./Drivers/BSP/STM32F429I-Discovery/stm32f429i_discovery_io.o
LOAD ./Drivers/BSP/STM32F429I-Discovery/stm32f429i_discovery_lcd.o
LOAD ./Drivers/BSP/STM32F429I-Discovery/stm32f429i_discovery_sdram.o
LOAD ./Drivers/BSP/STM32F429I-Discovery/stm32f429i_discovery_ts.o
LOAD ./Drivers/CMSIS/system_stm32f4xx.o
LOAD ./Drivers/STM32F4xx_HAL_Driver/stm32f4xx_hal.o
LOAD ./Drivers/STM32F4xx_HAL_Driver/stm32f4xx_hal_cortex.o
LOAD ./Drivers/STM32F4xx_HAL_Driver/stm32f4xx_hal_dma.o
LOAD ./Drivers/STM32F4xx_HAL_Driver/stm32f4xx_hal_dma2d.o
LOAD ./Drivers/STM32F4xx_HAL_Driver/stm32f4xx_hal_flash.o
LOAD ./Drivers/STM32F4xx_HAL_Driver/stm32f4xx_hal_flash_ex.o
LOAD ./Drivers/STM32F4xx_HAL_Driver/stm32f4xx_hal_gpio.o
LOAD ./Drivers/STM32F4xx_HAL_Driver/stm32f4xx_hal_hcd.o
LOAD ./Drivers/STM32F4xx_HAL_Driver/stm32f4xx_hal_i2c.o
LOAD ./Drivers/STM32F4xx_HAL_Driver/stm32f4xx_hal_i2c_ex.o
LOAD ./Drivers/STM32F4xx_HAL_Driver/stm32f4xx_hal_ltdc.o
LOAD ./Drivers/STM32F4xx_HAL_Driver/stm32f4xx_hal_pcd.o
LOAD ./Drivers/STM32F4xx_HAL_Driver/stm32f4xx_hal_pwr.o
LOAD ./Drivers/STM32F4xx_HAL_Driver/stm32f4xx_hal_pwr_ex.o
LOAD ./Drivers/STM32F4xx_HAL_Driver/stm32f4xx_hal_rcc.o
LOAD ./Drivers/STM32F4xx_HAL_Driver/stm32f4xx_hal_rcc_ex.o
LOAD ./Drivers/STM32F4xx_HAL_Driver/stm32f4xx_hal_sdram.o
LOAD ./Drivers/STM32F4xx_HAL_Driver/stm32f4xx_hal_spi.o
LOAD ./Drivers/STM32F4xx_HAL_Driver/stm32f4xx_ll_fmc.o
LOAD ./Example/SW4STM32/startup_stm32f429xx.o
LOAD ./Example/User/lcd.o
LOAD ./Example/User/log.o
LOAD ./Example/User/main.o
LOAD ./Example/User/mems.o
LOAD ./Example/User/stm32f4xx_it.o
LOAD ./Example/User/touchscreen.o
LOAD ./Example/User/ts_calibration.o
LOAD ./Example/Utilities/lcd_log.o
LOAD ./syscalls.o
START GROUP
LOAD c:/st/stm32cubeide_1.9.0/stm32cubeide/plugins/com.st.stm32cube.ide.mcu.externaltools.gnu-tools-for-stm32.10.3-2021.10.win32_1.0.0.202111181127/tools/bin/../lib/gcc/arm-none-eabi/10.3.1/../../../../arm-none-eabi/lib/thumb/v7e-m+fp/hard\libc_nano.a
LOAD c:/st/stm32cubeide_1.9.0/stm32cubeide/plugins/com.st.stm32cube.ide.mcu.externaltools.gnu-tools-for-stm32.10.3-2021.10.win32_1.0.0.202111181127/tools/bin/../lib/gcc/arm-none-eabi/10.3.1/../../../../arm-none-eabi/lib/thumb/v7e-m+fp/hard\libm.a
END GROUP
START GROUP
LOAD c:/st/stm32cubeide_1.9.0/stm32cubeide/plugins/com.st.stm32cube.ide.mcu.externaltools.gnu-tools-for-stm32.10.3-2021.10.win32_1.0.0.202111181127/tools/bin/../lib/gcc/arm-none-eabi/10.3.1/thumb/v7e-m+fp/hard\libgcc.a
LOAD c:/st/stm32cubeide_1.9.0/stm32cubeide/plugins/com.st.stm32cube.ide.mcu.externaltools.gnu-tools-for-stm32.10.3-2021.10.win32_1.0.0.202111181127/tools/bin/../lib/gcc/arm-none-eabi/10.3.1/../../../../arm-none-eabi/lib/thumb/v7e-m+fp/hard\libc_nano.a
END GROUP
START GROUP
LOAD c:/st/stm32cubeide_1.9.0/stm32cubeide/plugins/com.st.stm32cube.ide.mcu.externaltools.gnu-tools-for-stm32.10.3-2021.10.win32_1.0.0.202111181127/tools/bin/../lib/gcc/arm-none-eabi/10.3.1/thumb/v7e-m+fp/hard\libgcc.a
LOAD c:/st/stm32cubeide_1.9.0/stm32cubeide/plugins/com.st.stm32cube.ide.mcu.externaltools.gnu-tools-for-stm32.10.3-2021.10.win32_1.0.0.202111181127/tools/bin/../lib/gcc/arm-none-eabi/10.3.1/../../../../arm-none-eabi/lib/thumb/v7e-m+fp/hard\libc_nano.a
LOAD c:/st/stm32cubeide_1.9.0/stm32cubeide/plugins/com.st.stm32cube.ide.mcu.externaltools.gnu-tools-for-stm32.10.3-2021.10.win32_1.0.0.202111181127/tools/bin/../lib/gcc/arm-none-eabi/10.3.1/../../../../arm-none-eabi/lib/thumb/v7e-m+fp/hard\libnosys.a
END GROUP
START GROUP
LOAD c:/st/stm32cubeide_1.9.0/stm32cubeide/plugins/com.st.stm32cube.ide.mcu.externaltools.gnu-tools-for-stm32.10.3-2021.10.win32_1.0.0.202111181127/tools/bin/../lib/gcc/arm-none-eabi/10.3.1/thumb/v7e-m+fp/hard\libgcc.a
LOAD c:/st/stm32cubeide_1.9.0/stm32cubeide/plugins/com.st.stm32cube.ide.mcu.externaltools.gnu-tools-for-stm32.10.3-2021.10.win32_1.0.0.202111181127/tools/bin/../lib/gcc/arm-none-eabi/10.3.1/../../../../arm-none-eabi/lib/thumb/v7e-m+fp/hard\libc_nano.a
LOAD c:/st/stm32cubeide_1.9.0/stm32cubeide/plugins/com.st.stm32cube.ide.mcu.externaltools.gnu-tools-for-stm32.10.3-2021.10.win32_1.0.0.202111181127/tools/bin/../lib/gcc/arm-none-eabi/10.3.1/../../../../arm-none-eabi/lib/thumb/v7e-m+fp/hard\libnosys.a
END GROUP
LOAD c:/st/stm32cubeide_1.9.0/stm32cubeide/plugins/com.st.stm32cube.ide.mcu.externaltools.gnu-tools-for-stm32.10.3-2021.10.win32_1.0.0.202111181127/tools/bin/../lib/gcc/arm-none-eabi/10.3.1/thumb/v7e-m+fp/hard/crtend.o
LOAD c:/st/stm32cubeide_1.9.0/stm32cubeide/plugins/com.st.stm32cube.ide.mcu.externaltools.gnu-tools-for-stm32.10.3-2021.10.win32_1.0.0.202111181127/tools/bin/../lib/gcc/arm-none-eabi/10.3.1/thumb/v7e-m+fp/hard/crtn.o
                0x0000000020030000                _estack = 0x20030000
                0x0000000000000200                _Min_Heap_Size = 0x200
                0x0000000000000400                _Min_Stack_Size = 0x400

.isr_vector     0x0000000008000000      0x1ac
                0x0000000008000000                . = ALIGN (0x4)
 *(.isr_vector)
 .isr_vector    0x0000000008000000      0x1ac ./Example/SW4STM32/startup_stm32f429xx.o
                0x0000000008000000                g_pfnVectors
                0x00000000080001ac                . = ALIGN (0x4)

.text           0x00000000080001b0     0x7760
                0x00000000080001b0                . = ALIGN (0x4)
 *(.text)
 .text          0x00000000080001b0       0x40 c:/st/stm32cubeide_1.9.0/stm32cubeide/plugins/com.st.stm32cube.ide.mcu.externaltools.gnu-tools-for-stm32.10.3-2021.10.win32_1.0.0.202111181127/tools/bin/../lib/gcc/arm-none-eabi/10.3.1/thumb/v7e-m+fp/hard/crtbegin.o
 .text          0x00000000080001f0       0xa0 c:/st/stm32cubeide_1.9.0/stm32cubeide/plugins/com.st.stm32cube.ide.mcu.externaltools.gnu-tools-for-stm32.10.3-2021.10.win32_1.0.0.202111181127/tools/bin/../lib/gcc/arm-none-eabi/10.3.1/../../../../arm-none-eabi/lib/thumb/v7e-m+fp/hard\libc_nano.a(lib_a-memchr.o)
                0x00000000080001f0                memchr
 .text          0x0000000008000290       0x30 c:/st/stm32cubeide_1.9.0/stm32cubeide/plugins/com.st.stm32cube.ide.mcu.externaltools.gnu-tools-for-stm32.10.3-2021.10.win32_1.0.0.202111181127/tools/bin/../lib/gcc/arm-none-eabi/10.3.1/thumb/v7e-m+fp/hard\libgcc.a(_aeabi_uldivmod.o)
                0x0000000008000290                __aeabi_uldivmod
 .text          0x00000000080002c0      0x2d0 c:/st/stm32cubeide_1.9.0/stm32cubeide/plugins/com.st.stm32cube.ide.mcu.externaltools.gnu-tools-for-stm32.10.3-2021.10.win32_1.0.0.202111181127/tools/bin/../lib/gcc/arm-none-eabi/10.3.1/thumb/v7e-m+fp/hard\libgcc.a(_udivmoddi4.o)
                0x00000000080002c0                __udivmoddi4
 .text          0x0000000008000590        0x4 c:/st/stm32cubeide_1.9.0/stm32cubeide/plugins/com.st.stm32cube.ide.mcu.externaltools.gnu-tools-for-stm32.10.3-2021.10.win32_1.0.0.202111181127/tools/bin/../lib/gcc/arm-none-eabi/10.3.1/thumb/v7e-m+fp/hard\libgcc.a(_dvmd_tls.o)
                0x0000000008000590                __aeabi_idiv0
                0x0000000008000590                __aeabi_ldiv0
 *(.text*)
 .text.ili9341_GetLcdPixelWidth
                0x0000000008000594        0x4 ./Drivers/BSP/Components/ili9341.o
                0x0000000008000594                ili9341_GetLcdPixelWidth
 .text.ili9341_GetLcdPixelHeight
                0x0000000008000598        0x6 ./Drivers/BSP/Components/ili9341.o
                0x0000000008000598                ili9341_GetLcdPixelHeight
 .text.ili9341_DisplayOn
                0x000000000800059e        0x6 ./Drivers/BSP/Components/ili9341.o
                0x000000000800059e                ili9341_DisplayOn
 .text.ili9341_DisplayOff
                0x00000000080005a4        0x6 ./Drivers/BSP/Components/ili9341.o
                0x00000000080005a4                ili9341_DisplayOff
 .text.ili9341_Init
                0x00000000080005aa      0x292 ./Drivers/BSP/Components/ili9341.o
                0x00000000080005aa                ili9341_Init
 .text.ili9341_ReadID
                0x000000000800083c       0x12 ./Drivers/BSP/Components/ili9341.o
                0x000000000800083c                ili9341_ReadID
 .text.L3GD20_DeInit
                0x000000000800084e        0x2 ./Drivers/BSP/Components/l3gd20.o
                0x000000000800084e                L3GD20_DeInit
 .text.L3GD20_Init
                0x0000000008000850       0x34 ./Drivers/BSP/Components/l3gd20.o
                0x0000000008000850                L3GD20_Init
 .text.L3GD20_LowPower
                0x0000000008000884       0x18 ./Drivers/BSP/Components/l3gd20.o
                0x0000000008000884                L3GD20_LowPower
 .text.L3GD20_ReadID
                0x000000000800089c       0x1c ./Drivers/BSP/Components/l3gd20.o
                0x000000000800089c                L3GD20_ReadID
 .text.L3GD20_RebootCmd
                0x00000000080008b8       0x2c ./Drivers/BSP/Components/l3gd20.o
                0x00000000080008b8                L3GD20_RebootCmd
 .text.L3GD20_INT1InterruptConfig
                0x00000000080008e4       0x5e ./Drivers/BSP/Components/l3gd20.o
                0x00000000080008e4                L3GD20_INT1InterruptConfig
 .text.L3GD20_EnableIT
                0x0000000008000942       0x40 ./Drivers/BSP/Components/l3gd20.o
                0x0000000008000942                L3GD20_EnableIT
 .text.L3GD20_DisableIT
                0x0000000008000982       0x3c ./Drivers/BSP/Components/l3gd20.o
                0x0000000008000982                L3GD20_DisableIT
 .text.L3GD20_FilterConfig
                0x00000000080009be       0x2e ./Drivers/BSP/Components/l3gd20.o
                0x00000000080009be                L3GD20_FilterConfig
 .text.L3GD20_FilterCmd
                0x00000000080009ec       0x2e ./Drivers/BSP/Components/l3gd20.o
                0x00000000080009ec                L3GD20_FilterCmd
 *fill*         0x0000000008000a1a        0x2 
 .text.L3GD20_ReadXYZAngRate
                0x0000000008000a1c       0xf0 ./Drivers/BSP/Components/l3gd20.o
                0x0000000008000a1c                L3GD20_ReadXYZAngRate
 .text.stmpe811_IO_WritePin
                0x0000000008000b0c       0x12 ./Drivers/BSP/Components/stmpe811.o
                0x0000000008000b0c                stmpe811_IO_WritePin
 .text.stmpe811_Reset
                0x0000000008000b1e       0x28 ./Drivers/BSP/Components/stmpe811.o
                0x0000000008000b1e                stmpe811_Reset
 .text.stmpe811_ReadID
                0x0000000008000b46       0x24 ./Drivers/BSP/Components/stmpe811.o
                0x0000000008000b46                stmpe811_ReadID
 .text.stmpe811_IO_ReadPin
                0x0000000008000b6a       0x12 ./Drivers/BSP/Components/stmpe811.o
                0x0000000008000b6a                stmpe811_IO_ReadPin
 .text.stmpe811_IO_ITStatus
                0x0000000008000b7c       0x12 ./Drivers/BSP/Components/stmpe811.o
                0x0000000008000b7c                stmpe811_IO_ITStatus
 .text.stmpe811_TS_DetectTouch
                0x0000000008000b8e       0x38 ./Drivers/BSP/Components/stmpe811.o
                0x0000000008000b8e                stmpe811_TS_DetectTouch
 .text.stmpe811_TS_GetXY
                0x0000000008000bc6       0x3c ./Drivers/BSP/Components/stmpe811.o
                0x0000000008000bc6                stmpe811_TS_GetXY
 *fill*         0x0000000008000c02        0x2 
 .text.stmpe811_Init
                0x0000000008000c04       0x30 ./Drivers/BSP/Components/stmpe811.o
                0x0000000008000c04                stmpe811_Init
 .text.stmpe811_EnableGlobalIT
                0x0000000008000c34       0x1e ./Drivers/BSP/Components/stmpe811.o
                0x0000000008000c34                stmpe811_EnableGlobalIT
 .text.stmpe811_DisableGlobalIT
                0x0000000008000c52       0x1c ./Drivers/BSP/Components/stmpe811.o
                0x0000000008000c52                stmpe811_DisableGlobalIT
 .text.stmpe811_EnableITSource
                0x0000000008000c6e       0x1e ./Drivers/BSP/Components/stmpe811.o
                0x0000000008000c6e                stmpe811_EnableITSource
 .text.stmpe811_IO_EnableIT
                0x0000000008000c8c       0x1c ./Drivers/BSP/Components/stmpe811.o
                0x0000000008000c8c                stmpe811_IO_EnableIT
 .text.stmpe811_TS_EnableIT
                0x0000000008000ca8       0x1c ./Drivers/BSP/Components/stmpe811.o
                0x0000000008000ca8                stmpe811_TS_EnableIT
 .text.stmpe811_DisableITSource
                0x0000000008000cc4       0x20 ./Drivers/BSP/Components/stmpe811.o
                0x0000000008000cc4                stmpe811_DisableITSource
 .text.stmpe811_IO_DisableIT
                0x0000000008000ce4       0x14 ./Drivers/BSP/Components/stmpe811.o
                0x0000000008000ce4                stmpe811_IO_DisableIT
 .text.stmpe811_TS_DisableIT
                0x0000000008000cf8       0x14 ./Drivers/BSP/Components/stmpe811.o
                0x0000000008000cf8                stmpe811_TS_DisableIT
 .text.stmpe811_SetITPolarity
                0x0000000008000d0c       0x22 ./Drivers/BSP/Components/stmpe811.o
                0x0000000008000d0c                stmpe811_SetITPolarity
 .text.stmpe811_SetITType
                0x0000000008000d2e       0x22 ./Drivers/BSP/Components/stmpe811.o
                0x0000000008000d2e                stmpe811_SetITType
 .text.stmpe811_ReadGITStatus
                0x0000000008000d50       0x10 ./Drivers/BSP/Components/stmpe811.o
                0x0000000008000d50                stmpe811_ReadGITStatus
 .text.stmpe811_TS_ITStatus
                0x0000000008000d60        0x6 ./Drivers/BSP/Components/stmpe811.o
                0x0000000008000d60                stmpe811_TS_ITStatus
 .text.stmpe811_ClearGlobalIT
                0x0000000008000d66        0xa ./Drivers/BSP/Components/stmpe811.o
                0x0000000008000d66                stmpe811_ClearGlobalIT
 .text.stmpe811_IO_ClearIT
                0x0000000008000d70       0x3e ./Drivers/BSP/Components/stmpe811.o
                0x0000000008000d70                stmpe811_IO_ClearIT
 .text.stmpe811_TS_ClearIT
                0x0000000008000dae        0x6 ./Drivers/BSP/Components/stmpe811.o
                0x0000000008000dae                stmpe811_TS_ClearIT
 .text.stmpe811_IO_InitPin
                0x0000000008000db4       0x2c ./Drivers/BSP/Components/stmpe811.o
                0x0000000008000db4                stmpe811_IO_InitPin
 .text.stmpe811_IO_DisableAF
                0x0000000008000de0       0x1e ./Drivers/BSP/Components/stmpe811.o
                0x0000000008000de0                stmpe811_IO_DisableAF
 .text.stmpe811_IO_Start
                0x0000000008000dfe       0x28 ./Drivers/BSP/Components/stmpe811.o
                0x0000000008000dfe                stmpe811_IO_Start
 .text.stmpe811_IO_EnableAF
                0x0000000008000e26       0x20 ./Drivers/BSP/Components/stmpe811.o
                0x0000000008000e26                stmpe811_IO_EnableAF
 .text.stmpe811_TS_Start
                0x0000000008000e46       0xa4 ./Drivers/BSP/Components/stmpe811.o
                0x0000000008000e46                stmpe811_TS_Start
 .text.stmpe811_IO_SetEdgeMode
                0x0000000008000eea       0x5c ./Drivers/BSP/Components/stmpe811.o
                0x0000000008000eea                stmpe811_IO_SetEdgeMode
 .text.stmpe811_IO_EnablePinIT
                0x0000000008000f46       0x1e ./Drivers/BSP/Components/stmpe811.o
                0x0000000008000f46                stmpe811_IO_EnablePinIT
 .text.stmpe811_IO_Config
                0x0000000008000f64       0xc8 ./Drivers/BSP/Components/stmpe811.o
                0x0000000008000f64                stmpe811_IO_Config
 .text.SPIx_Init
                0x000000000800102c       0x9c ./Drivers/BSP/STM32F429I-Discovery/stm32f429i_discovery.o
 .text.SPIx_Write
                0x00000000080010c8       0x30 ./Drivers/BSP/STM32F429I-Discovery/stm32f429i_discovery.o
 .text.I2Cx_Init
                0x00000000080010f8       0xf0 ./Drivers/BSP/STM32F429I-Discovery/stm32f429i_discovery.o
 .text.I2Cx_Error
                0x00000000080011e8       0x14 ./Drivers/BSP/STM32F429I-Discovery/stm32f429i_discovery.o
 .text.SPIx_WriteRead
                0x00000000080011fc       0x40 ./Drivers/BSP/STM32F429I-Discovery/stm32f429i_discovery.o
 .text.BSP_LED_Init
                0x000000000800123c       0x74 ./Drivers/BSP/STM32F429I-Discovery/stm32f429i_discovery.o
                0x000000000800123c                BSP_LED_Init
 .text.BSP_LED_Toggle
                0x00000000080012b0       0x1c ./Drivers/BSP/STM32F429I-Discovery/stm32f429i_discovery.o
                0x00000000080012b0                BSP_LED_Toggle
 .text.BSP_PB_Init
                0x00000000080012cc       0x74 ./Drivers/BSP/STM32F429I-Discovery/stm32f429i_discovery.o
                0x00000000080012cc                BSP_PB_Init
 .text.BSP_PB_GetState
                0x0000000008001340       0x18 ./Drivers/BSP/STM32F429I-Discovery/stm32f429i_discovery.o
                0x0000000008001340                BSP_PB_GetState
 .text.LCD_IO_Init
                0x0000000008001358       0xbc ./Drivers/BSP/STM32F429I-Discovery/stm32f429i_discovery.o
                0x0000000008001358                LCD_IO_Init
 .text.LCD_IO_WriteData
                0x0000000008001414       0x38 ./Drivers/BSP/STM32F429I-Discovery/stm32f429i_discovery.o
                0x0000000008001414                LCD_IO_WriteData
 .text.LCD_IO_WriteReg
                0x000000000800144c       0x38 ./Drivers/BSP/STM32F429I-Discovery/stm32f429i_discovery.o
                0x000000000800144c                LCD_IO_WriteReg
 .text.LCD_IO_ReadData
                0x0000000008001484       0x6c ./Drivers/BSP/STM32F429I-Discovery/stm32f429i_discovery.o
                0x0000000008001484                LCD_IO_ReadData
 .text.LCD_Delay
                0x00000000080014f0        0x4 ./Drivers/BSP/STM32F429I-Discovery/stm32f429i_discovery.o
                0x00000000080014f0                LCD_Delay
 .text.IOE_Init
                0x00000000080014f4        0x4 ./Drivers/BSP/STM32F429I-Discovery/stm32f429i_discovery.o
                0x00000000080014f4                IOE_Init
 .text.IOE_ITConfig
                0x00000000080014f8       0x54 ./Drivers/BSP/STM32F429I-Discovery/stm32f429i_discovery.o
                0x00000000080014f8                IOE_ITConfig
 .text.IOE_Write
                0x000000000800154c       0x34 ./Drivers/BSP/STM32F429I-Discovery/stm32f429i_discovery.o
                0x000000000800154c                IOE_Write
 .text.IOE_Read
                0x0000000008001580       0x3c ./Drivers/BSP/STM32F429I-Discovery/stm32f429i_discovery.o
                0x0000000008001580                IOE_Read
 .text.IOE_ReadMultiple
                0x00000000080015bc       0x30 ./Drivers/BSP/STM32F429I-Discovery/stm32f429i_discovery.o
                0x00000000080015bc                IOE_ReadMultiple
 .text.IOE_Delay
                0x00000000080015ec        0x4 ./Drivers/BSP/STM32F429I-Discovery/stm32f429i_discovery.o
                0x00000000080015ec                IOE_Delay
 .text.GYRO_IO_Init
                0x00000000080015f0       0x70 ./Drivers/BSP/STM32F429I-Discovery/stm32f429i_discovery.o
                0x00000000080015f0                GYRO_IO_Init
 .text.GYRO_IO_Write
                0x0000000008001660       0x44 ./Drivers/BSP/STM32F429I-Discovery/stm32f429i_discovery.o
                0x0000000008001660                GYRO_IO_Write
 .text.GYRO_IO_Read
                0x00000000080016a4       0x48 ./Drivers/BSP/STM32F429I-Discovery/stm32f429i_discovery.o
                0x00000000080016a4                GYRO_IO_Read
 .text.BSP_GYRO_Init
                0x00000000080016ec       0x40 ./Drivers/BSP/STM32F429I-Discovery/stm32f429i_discovery_gyroscope.o
                0x00000000080016ec                BSP_GYRO_Init
 .text.BSP_GYRO_Reset
                0x000000000800172c       0x10 ./Drivers/BSP/STM32F429I-Discovery/stm32f429i_discovery_gyroscope.o
                0x000000000800172c                BSP_GYRO_Reset
 .text.BSP_GYRO_GetXYZ
                0x000000000800173c       0x10 ./Drivers/BSP/STM32F429I-Discovery/stm32f429i_discovery_gyroscope.o
                0x000000000800173c                BSP_GYRO_GetXYZ
 .text.FillBuffer
                0x000000000800174c       0x64 ./Drivers/BSP/STM32F429I-Discovery/stm32f429i_discovery_lcd.o
 .text.BSP_LCD_GetXSize
                0x00000000080017b0       0x10 ./Drivers/BSP/STM32F429I-Discovery/stm32f429i_discovery_lcd.o
                0x00000000080017b0                BSP_LCD_GetXSize
 .text.BSP_LCD_GetYSize
                0x00000000080017c0       0x10 ./Drivers/BSP/STM32F429I-Discovery/stm32f429i_discovery_lcd.o
                0x00000000080017c0                BSP_LCD_GetYSize
 .text.BSP_LCD_LayerDefaultInit
                0x00000000080017d0       0x80 ./Drivers/BSP/STM32F429I-Discovery/stm32f429i_discovery_lcd.o
                0x00000000080017d0                BSP_LCD_LayerDefaultInit
 .text.BSP_LCD_SelectLayer
                0x0000000008001850        0xc ./Drivers/BSP/STM32F429I-Discovery/stm32f429i_discovery_lcd.o
                0x0000000008001850                BSP_LCD_SelectLayer
 .text.BSP_LCD_SetTextColor
                0x000000000800185c       0x18 ./Drivers/BSP/STM32F429I-Discovery/stm32f429i_discovery_lcd.o
                0x000000000800185c                BSP_LCD_SetTextColor
 .text.BSP_LCD_SetBackColor
                0x0000000008001874       0x18 ./Drivers/BSP/STM32F429I-Discovery/stm32f429i_discovery_lcd.o
                0x0000000008001874                BSP_LCD_SetBackColor
 .text.BSP_LCD_SetFont
                0x000000000800188c       0x18 ./Drivers/BSP/STM32F429I-Discovery/stm32f429i_discovery_lcd.o
                0x000000000800188c                BSP_LCD_SetFont
 .text.BSP_LCD_GetFont
                0x00000000080018a4       0x18 ./Drivers/BSP/STM32F429I-Discovery/stm32f429i_discovery_lcd.o
                0x00000000080018a4                BSP_LCD_GetFont
 .text.BSP_LCD_Clear
                0x00000000080018bc       0x3c ./Drivers/BSP/STM32F429I-Discovery/stm32f429i_discovery_lcd.o
                0x00000000080018bc                BSP_LCD_Clear
 .text.BSP_LCD_DrawHLine
                0x00000000080018f8       0x50 ./Drivers/BSP/STM32F429I-Discovery/stm32f429i_discovery_lcd.o
                0x00000000080018f8                BSP_LCD_DrawHLine
 .text.BSP_LCD_DrawVLine
                0x0000000008001948       0x5c ./Drivers/BSP/STM32F429I-Discovery/stm32f429i_discovery_lcd.o
                0x0000000008001948                BSP_LCD_DrawVLine
 .text.BSP_LCD_DrawRect
                0x00000000080019a4       0x34 ./Drivers/BSP/STM32F429I-Discovery/stm32f429i_discovery_lcd.o
                0x00000000080019a4                BSP_LCD_DrawRect
 .text.BSP_LCD_DrawBitmap
                0x00000000080019d8      0x11c ./Drivers/BSP/STM32F429I-Discovery/stm32f429i_discovery_lcd.o
                0x00000000080019d8                BSP_LCD_DrawBitmap
 .text.BSP_LCD_FillRect
                0x0000000008001af4       0x6c ./Drivers/BSP/STM32F429I-Discovery/stm32f429i_discovery_lcd.o
                0x0000000008001af4                BSP_LCD_FillRect
 .text.BSP_LCD_ClearStringLine
                0x0000000008001b60       0x5c ./Drivers/BSP/STM32F429I-Discovery/stm32f429i_discovery_lcd.o
                0x0000000008001b60                BSP_LCD_ClearStringLine
 .text.BSP_LCD_FillEllipse
                0x0000000008001bbc       0xa8 ./Drivers/BSP/STM32F429I-Discovery/stm32f429i_discovery_lcd.o
                0x0000000008001bbc                BSP_LCD_FillEllipse
 .text.BSP_LCD_MspInit
                0x0000000008001c64      0x148 ./Drivers/BSP/STM32F429I-Discovery/stm32f429i_discovery_lcd.o
                0x0000000008001c64                BSP_LCD_MspInit
 .text.BSP_LCD_Init
                0x0000000008001dac       0x98 ./Drivers/BSP/STM32F429I-Discovery/stm32f429i_discovery_lcd.o
                0x0000000008001dac                BSP_LCD_Init
 .text.BSP_LCD_DrawPixel
                0x0000000008001e44       0x2c ./Drivers/BSP/STM32F429I-Discovery/stm32f429i_discovery_lcd.o
                0x0000000008001e44                BSP_LCD_DrawPixel
 .text.BSP_LCD_DisplayChar
                0x0000000008001e70       0xd0 ./Drivers/BSP/STM32F429I-Discovery/stm32f429i_discovery_lcd.o
                0x0000000008001e70                BSP_LCD_DisplayChar
 .text.BSP_LCD_DisplayStringAt
                0x0000000008001f40       0xbc ./Drivers/BSP/STM32F429I-Discovery/stm32f429i_discovery_lcd.o
                0x0000000008001f40                BSP_LCD_DisplayStringAt
 .text.BSP_LCD_DisplayStringAtLine
                0x0000000008001ffc       0x22 ./Drivers/BSP/STM32F429I-Discovery/stm32f429i_discovery_lcd.o
                0x0000000008001ffc                BSP_LCD_DisplayStringAtLine
 *fill*         0x000000000800201e        0x2 
 .text.BSP_LCD_DrawLine
                0x0000000008002020       0xd4 ./Drivers/BSP/STM32F429I-Discovery/stm32f429i_discovery_lcd.o
                0x0000000008002020                BSP_LCD_DrawLine
 .text.BSP_LCD_DrawPolygon
                0x00000000080020f4       0x40 ./Drivers/BSP/STM32F429I-Discovery/stm32f429i_discovery_lcd.o
                0x00000000080020f4                BSP_LCD_DrawPolygon
 .text.BSP_LCD_FillTriangle
                0x0000000008002134       0xd2 ./Drivers/BSP/STM32F429I-Discovery/stm32f429i_discovery_lcd.o
                0x0000000008002134                BSP_LCD_FillTriangle
 .text.BSP_LCD_FillPolygon
                0x0000000008002206       0xfe ./Drivers/BSP/STM32F429I-Discovery/stm32f429i_discovery_lcd.o
                0x0000000008002206                BSP_LCD_FillPolygon
 .text.BSP_LCD_DrawCircle
                0x0000000008002304      0x144 ./Drivers/BSP/STM32F429I-Discovery/stm32f429i_discovery_lcd.o
                0x0000000008002304                BSP_LCD_DrawCircle
 .text.BSP_LCD_FillCircle
                0x0000000008002448       0xd0 ./Drivers/BSP/STM32F429I-Discovery/stm32f429i_discovery_lcd.o
                0x0000000008002448                BSP_LCD_FillCircle
 .text.BSP_LCD_DrawEllipse
                0x0000000008002518      0x100 ./Drivers/BSP/STM32F429I-Discovery/stm32f429i_discovery_lcd.o
                0x0000000008002518                BSP_LCD_DrawEllipse
 .text.BSP_SDRAM_Initialization_sequence
                0x0000000008002618       0x90 ./Drivers/BSP/STM32F429I-Discovery/stm32f429i_discovery_sdram.o
                0x0000000008002618                BSP_SDRAM_Initialization_sequence
 .text.BSP_SDRAM_MspInit
                0x00000000080026a8      0x190 ./Drivers/BSP/STM32F429I-Discovery/stm32f429i_discovery_sdram.o
                0x00000000080026a8                BSP_SDRAM_MspInit
 .text.BSP_SDRAM_Init
                0x0000000008002838       0x7c ./Drivers/BSP/STM32F429I-Discovery/stm32f429i_discovery_sdram.o
                0x0000000008002838                BSP_SDRAM_Init
 .text.BSP_TS_Init
                0x00000000080028b4       0x38 ./Drivers/BSP/STM32F429I-Discovery/stm32f429i_discovery_ts.o
                0x00000000080028b4                BSP_TS_Init
 .text.BSP_TS_GetState
                0x00000000080028ec       0xb0 ./Drivers/BSP/STM32F429I-Discovery/stm32f429i_discovery_ts.o
                0x00000000080028ec                BSP_TS_GetState
 .text.SystemInit
                0x000000000800299c       0x4c ./Drivers/CMSIS/system_stm32f4xx.o
                0x000000000800299c                SystemInit
 .text.HAL_MspInit
                0x00000000080029e8        0x2 ./Drivers/STM32F4xx_HAL_Driver/stm32f4xx_hal.o
                0x00000000080029e8                HAL_MspInit
 *fill*         0x00000000080029ea        0x2 
 .text.HAL_InitTick
                0x00000000080029ec       0x44 ./Drivers/STM32F4xx_HAL_Driver/stm32f4xx_hal.o
                0x00000000080029ec                HAL_InitTick
 .text.HAL_Init
                0x0000000008002a30       0x34 ./Drivers/STM32F4xx_HAL_Driver/stm32f4xx_hal.o
                0x0000000008002a30                HAL_Init
 .text.HAL_IncTick
                0x0000000008002a64       0x18 ./Drivers/STM32F4xx_HAL_Driver/stm32f4xx_hal.o
                0x0000000008002a64                HAL_IncTick
 .text.HAL_GetTick
                0x0000000008002a7c        0xc ./Drivers/STM32F4xx_HAL_Driver/stm32f4xx_hal.o
                0x0000000008002a7c                HAL_GetTick
 .text.HAL_Delay
                0x0000000008002a88       0x28 ./Drivers/STM32F4xx_HAL_Driver/stm32f4xx_hal.o
                0x0000000008002a88                HAL_Delay
 .text.HAL_NVIC_SetPriorityGrouping
                0x0000000008002ab0       0x24 ./Drivers/STM32F4xx_HAL_Driver/stm32f4xx_hal_cortex.o
                0x0000000008002ab0                HAL_NVIC_SetPriorityGrouping
 .text.HAL_NVIC_SetPriority
                0x0000000008002ad4       0x64 ./Drivers/STM32F4xx_HAL_Driver/stm32f4xx_hal_cortex.o
                0x0000000008002ad4                HAL_NVIC_SetPriority
 .text.HAL_NVIC_EnableIRQ
                0x0000000008002b38       0x1c ./Drivers/STM32F4xx_HAL_Driver/stm32f4xx_hal_cortex.o
                0x0000000008002b38                HAL_NVIC_EnableIRQ
 .text.HAL_SYSTICK_Config
                0x0000000008002b54       0x28 ./Drivers/STM32F4xx_HAL_Driver/stm32f4xx_hal_cortex.o
                0x0000000008002b54                HAL_SYSTICK_Config
 .text.DMA_CalcBaseAndBitshift
                0x0000000008002b7c       0x2c ./Drivers/STM32F4xx_HAL_Driver/stm32f4xx_hal_dma.o
 .text.HAL_DMA_Init
                0x0000000008002ba8      0x100 ./Drivers/STM32F4xx_HAL_Driver/stm32f4xx_hal_dma.o
                0x0000000008002ba8                HAL_DMA_Init
 .text.HAL_DMA_DeInit
                0x0000000008002ca8       0x54 ./Drivers/STM32F4xx_HAL_Driver/stm32f4xx_hal_dma.o
                0x0000000008002ca8                HAL_DMA_DeInit
 .text.DMA2D_SetConfig
                0x0000000008002cfc       0x84 ./Drivers/STM32F4xx_HAL_Driver/stm32f4xx_hal_dma2d.o
 .text.HAL_DMA2D_MspInit
                0x0000000008002d80        0x2 ./Drivers/STM32F4xx_HAL_Driver/stm32f4xx_hal_dma2d.o
                0x0000000008002d80                HAL_DMA2D_MspInit
 .text.HAL_DMA2D_Init
                0x0000000008002d82       0x58 ./Drivers/STM32F4xx_HAL_Driver/stm32f4xx_hal_dma2d.o
                0x0000000008002d82                HAL_DMA2D_Init
 .text.HAL_DMA2D_Start
                0x0000000008002dda       0x34 ./Drivers/STM32F4xx_HAL_Driver/stm32f4xx_hal_dma2d.o
                0x0000000008002dda                HAL_DMA2D_Start
 .text.HAL_DMA2D_PollForTransfer
                0x0000000008002e0e      0x102 ./Drivers/STM32F4xx_HAL_Driver/stm32f4xx_hal_dma2d.o
                0x0000000008002e0e                HAL_DMA2D_PollForTransfer
 .text.HAL_DMA2D_ConfigLayer
                0x0000000008002f10       0x88 ./Drivers/STM32F4xx_HAL_Driver/stm32f4xx_hal_dma2d.o
                0x0000000008002f10                HAL_DMA2D_ConfigLayer
 .text.HAL_GPIO_Init
                0x0000000008002f98      0x1cc ./Drivers/STM32F4xx_HAL_Driver/stm32f4xx_hal_gpio.o
                0x0000000008002f98                HAL_GPIO_Init
 .text.HAL_GPIO_ReadPin
                0x0000000008003164        0xc ./Drivers/STM32F4xx_HAL_Driver/stm32f4xx_hal_gpio.o
                0x0000000008003164                HAL_GPIO_ReadPin
 .text.HAL_GPIO_WritePin
                0x0000000008003170        0xa ./Drivers/STM32F4xx_HAL_Driver/stm32f4xx_hal_gpio.o
                0x0000000008003170                HAL_GPIO_WritePin
 .text.HAL_GPIO_TogglePin
                0x000000000800317a       0x12 ./Drivers/STM32F4xx_HAL_Driver/stm32f4xx_hal_gpio.o
                0x000000000800317a                HAL_GPIO_TogglePin
 .text.HAL_GPIO_EXTI_IRQHandler
                0x000000000800318c       0x18 ./Drivers/STM32F4xx_HAL_Driver/stm32f4xx_hal_gpio.o
                0x000000000800318c                HAL_GPIO_EXTI_IRQHandler
 .text.I2C_IsAcknowledgeFailed
                0x00000000080031a4       0x34 ./Drivers/STM32F4xx_HAL_Driver/stm32f4xx_hal_i2c.o
 .text.I2C_WaitOnFlagUntilTimeout
                0x00000000080031d8       0x64 ./Drivers/STM32F4xx_HAL_Driver/stm32f4xx_hal_i2c.o
 .text.I2C_WaitOnMasterAddressFlagUntilTimeout
                0x000000000800323c       0x76 ./Drivers/STM32F4xx_HAL_Driver/stm32f4xx_hal_i2c.o
 .text.I2C_WaitOnRXNEFlagUntilTimeout
                0x00000000080032b2       0x5e ./Drivers/STM32F4xx_HAL_Driver/stm32f4xx_hal_i2c.o
 .text.I2C_WaitOnBTFFlagUntilTimeout
                0x0000000008003310       0x4c ./Drivers/STM32F4xx_HAL_Driver/stm32f4xx_hal_i2c.o
 .text.I2C_WaitOnTXEFlagUntilTimeout
                0x000000000800335c       0x4c ./Drivers/STM32F4xx_HAL_Driver/stm32f4xx_hal_i2c.o
 .text.I2C_RequestMemoryWrite
                0x00000000080033a8       0xb0 ./Drivers/STM32F4xx_HAL_Driver/stm32f4xx_hal_i2c.o
 .text.I2C_RequestMemoryRead
                0x0000000008003458      0x104 ./Drivers/STM32F4xx_HAL_Driver/stm32f4xx_hal_i2c.o
 .text.HAL_I2C_MspInit
                0x000000000800355c        0x2 ./Drivers/STM32F4xx_HAL_Driver/stm32f4xx_hal_i2c.o
                0x000000000800355c                HAL_I2C_MspInit
 *fill*         0x000000000800355e        0x2 
 .text.HAL_I2C_Init
                0x0000000008003560      0x150 ./Drivers/STM32F4xx_HAL_Driver/stm32f4xx_hal_i2c.o
                0x0000000008003560                HAL_I2C_Init
 .text.HAL_I2C_MspDeInit
                0x00000000080036b0        0x2 ./Drivers/STM32F4xx_HAL_Driver/stm32f4xx_hal_i2c.o
                0x00000000080036b0                HAL_I2C_MspDeInit
 .text.HAL_I2C_DeInit
                0x00000000080036b2       0x32 ./Drivers/STM32F4xx_HAL_Driver/stm32f4xx_hal_i2c.o
                0x00000000080036b2                HAL_I2C_DeInit
 .text.HAL_I2C_Mem_Write
                0x00000000080036e4      0x120 ./Drivers/STM32F4xx_HAL_Driver/stm32f4xx_hal_i2c.o
                0x00000000080036e4                HAL_I2C_Mem_Write
 .text.HAL_I2C_Mem_Read
                0x0000000008003804      0x210 ./Drivers/STM32F4xx_HAL_Driver/stm32f4xx_hal_i2c.o
                0x0000000008003804                HAL_I2C_Mem_Read
 .text.HAL_I2C_GetState
                0x0000000008003a14        0x6 ./Drivers/STM32F4xx_HAL_Driver/stm32f4xx_hal_i2c.o
                0x0000000008003a14                HAL_I2C_GetState
 .text.LTDC_SetConfig
                0x0000000008003a1a      0x10c ./Drivers/STM32F4xx_HAL_Driver/stm32f4xx_hal_ltdc.o
 .text.HAL_LTDC_MspInit
                0x0000000008003b26        0x2 ./Drivers/STM32F4xx_HAL_Driver/stm32f4xx_hal_ltdc.o
                0x0000000008003b26                HAL_LTDC_MspInit
 .text.HAL_LTDC_Init
                0x0000000008003b28       0xd8 ./Drivers/STM32F4xx_HAL_Driver/stm32f4xx_hal_ltdc.o
                0x0000000008003b28                HAL_LTDC_Init
 .text.HAL_LTDC_ConfigLayer
                0x0000000008003c00       0x5a ./Drivers/STM32F4xx_HAL_Driver/stm32f4xx_hal_ltdc.o
                0x0000000008003c00                HAL_LTDC_ConfigLayer
 *fill*         0x0000000008003c5a        0x2 
 .text.HAL_LTDC_EnableDither
                0x0000000008003c5c       0x30 ./Drivers/STM32F4xx_HAL_Driver/stm32f4xx_hal_ltdc.o
                0x0000000008003c5c                HAL_LTDC_EnableDither
 .text.HAL_PWREx_EnableOverDrive
                0x0000000008003c8c       0x74 ./Drivers/STM32F4xx_HAL_Driver/stm32f4xx_hal_pwr_ex.o
                0x0000000008003c8c                HAL_PWREx_EnableOverDrive
 .text.HAL_RCC_OscConfig
                0x0000000008003d00      0x360 ./Drivers/STM32F4xx_HAL_Driver/stm32f4xx_hal_rcc.o
                0x0000000008003d00                HAL_RCC_OscConfig
 .text.HAL_RCC_GetSysClockFreq
                0x0000000008004060       0x5c ./Drivers/STM32F4xx_HAL_Driver/stm32f4xx_hal_rcc.o
                0x0000000008004060                HAL_RCC_GetSysClockFreq
 .text.HAL_RCC_ClockConfig
                0x00000000080040bc      0x138 ./Drivers/STM32F4xx_HAL_Driver/stm32f4xx_hal_rcc.o
                0x00000000080040bc                HAL_RCC_ClockConfig
 .text.HAL_RCC_GetPCLK1Freq
                0x00000000080041f4       0x20 ./Drivers/STM32F4xx_HAL_Driver/stm32f4xx_hal_rcc.o
                0x00000000080041f4                HAL_RCC_GetPCLK1Freq
 .text.HAL_RCCEx_PeriphCLKConfig
                0x0000000008004214      0x254 ./Drivers/STM32F4xx_HAL_Driver/stm32f4xx_hal_rcc_ex.o
                0x0000000008004214                HAL_RCCEx_PeriphCLKConfig
 .text.HAL_SDRAM_MspInit
                0x0000000008004468        0x2 ./Drivers/STM32F4xx_HAL_Driver/stm32f4xx_hal_sdram.o
                0x0000000008004468                HAL_SDRAM_MspInit
 .text.HAL_SDRAM_Init
                0x000000000800446a       0x40 ./Drivers/STM32F4xx_HAL_Driver/stm32f4xx_hal_sdram.o
                0x000000000800446a                HAL_SDRAM_Init
 .text.HAL_SDRAM_SendCommand
                0x00000000080044aa       0x3c ./Drivers/STM32F4xx_HAL_Driver/stm32f4xx_hal_sdram.o
                0x00000000080044aa                HAL_SDRAM_SendCommand
 .text.HAL_SDRAM_ProgramRefreshRate
                0x00000000080044e6       0x30 ./Drivers/STM32F4xx_HAL_Driver/stm32f4xx_hal_sdram.o
                0x00000000080044e6                HAL_SDRAM_ProgramRefreshRate
 *fill*         0x0000000008004516        0x2 
 .text.SPI_WaitFlagStateUntilTimeout
                0x0000000008004518       0xb8 ./Drivers/STM32F4xx_HAL_Driver/stm32f4xx_hal_spi.o
 .text.SPI_EndRxTransaction
                0x00000000080045d0       0x5c ./Drivers/STM32F4xx_HAL_Driver/stm32f4xx_hal_spi.o
 .text.SPI_EndRxTxTransaction
                0x000000000800462c       0x5c ./Drivers/STM32F4xx_HAL_Driver/stm32f4xx_hal_spi.o
 .text.HAL_SPI_MspInit
                0x0000000008004688        0x2 ./Drivers/STM32F4xx_HAL_Driver/stm32f4xx_hal_spi.o
                0x0000000008004688                HAL_SPI_MspInit
 .text.HAL_SPI_Init
                0x000000000800468a       0xc2 ./Drivers/STM32F4xx_HAL_Driver/stm32f4xx_hal_spi.o
                0x000000000800468a                HAL_SPI_Init
 .text.HAL_SPI_MspDeInit
                0x000000000800474c        0x2 ./Drivers/STM32F4xx_HAL_Driver/stm32f4xx_hal_spi.o
                0x000000000800474c                HAL_SPI_MspDeInit
 .text.HAL_SPI_DeInit
                0x000000000800474e       0x2c ./Drivers/STM32F4xx_HAL_Driver/stm32f4xx_hal_spi.o
                0x000000000800474e                HAL_SPI_DeInit
 .text.HAL_SPI_Transmit
                0x000000000800477a      0x18c ./Drivers/STM32F4xx_HAL_Driver/stm32f4xx_hal_spi.o
                0x000000000800477a                HAL_SPI_Transmit
 .text.HAL_SPI_TransmitReceive
                0x0000000008004906      0x296 ./Drivers/STM32F4xx_HAL_Driver/stm32f4xx_hal_spi.o
                0x0000000008004906                HAL_SPI_TransmitReceive
 .text.HAL_SPI_Receive
                0x0000000008004b9c      0x1da ./Drivers/STM32F4xx_HAL_Driver/stm32f4xx_hal_spi.o
                0x0000000008004b9c                HAL_SPI_Receive
 .text.HAL_SPI_GetState
                0x0000000008004d76        0x6 ./Drivers/STM32F4xx_HAL_Driver/stm32f4xx_hal_spi.o
                0x0000000008004d76                HAL_SPI_GetState
 .text.FMC_SDRAM_Init
                0x0000000008004d7c       0x76 ./Drivers/STM32F4xx_HAL_Driver/stm32f4xx_ll_fmc.o
                0x0000000008004d7c                FMC_SDRAM_Init
 .text.FMC_SDRAM_Timing_Init
                0x0000000008004df2       0x6c ./Drivers/STM32F4xx_HAL_Driver/stm32f4xx_ll_fmc.o
                0x0000000008004df2                FMC_SDRAM_Timing_Init
 .text.FMC_SDRAM_SendCommand
                0x0000000008004e5e       0x4c ./Drivers/STM32F4xx_HAL_Driver/stm32f4xx_ll_fmc.o
                0x0000000008004e5e                FMC_SDRAM_SendCommand
 .text.FMC_SDRAM_ProgramRefreshRate
                0x0000000008004eaa       0x14 ./Drivers/STM32F4xx_HAL_Driver/stm32f4xx_ll_fmc.o
                0x0000000008004eaa                FMC_SDRAM_ProgramRefreshRate
 *fill*         0x0000000008004ebe        0x2 
 .text.Reset_Handler
                0x0000000008004ec0       0x50 ./Example/SW4STM32/startup_stm32f429xx.o
                0x0000000008004ec0                Reset_Handler
 .text.Default_Handler
                0x0000000008004f10        0x2 ./Example/SW4STM32/startup_stm32f429xx.o
                0x0000000008004f10                RTC_Alarm_IRQHandler
                0x0000000008004f10                HASH_RNG_IRQHandler
                0x0000000008004f10                EXTI2_IRQHandler
                0x0000000008004f10                TIM8_CC_IRQHandler
                0x0000000008004f10                UART8_IRQHandler
                0x0000000008004f10                SPI4_IRQHandler
                0x0000000008004f10                TIM1_CC_IRQHandler
                0x0000000008004f10                DMA2_Stream5_IRQHandler
                0x0000000008004f10                DMA1_Stream5_IRQHandler
                0x0000000008004f10                PVD_IRQHandler
                0x0000000008004f10                SDIO_IRQHandler
                0x0000000008004f10                TAMP_STAMP_IRQHandler
                0x0000000008004f10                CAN2_RX1_IRQHandler
                0x0000000008004f10                EXTI3_IRQHandler
                0x0000000008004f10                TIM8_TRG_COM_TIM14_IRQHandler
                0x0000000008004f10                TIM1_UP_TIM10_IRQHandler
                0x0000000008004f10                TIM8_UP_TIM13_IRQHandler
                0x0000000008004f10                I2C3_ER_IRQHandler
                0x0000000008004f10                I2C2_EV_IRQHandler
                0x0000000008004f10                DMA1_Stream2_IRQHandler
                0x0000000008004f10                CAN1_RX0_IRQHandler
                0x0000000008004f10                FPU_IRQHandler
                0x0000000008004f10                OTG_HS_WKUP_IRQHandler
                0x0000000008004f10                LTDC_ER_IRQHandler
                0x0000000008004f10                CAN2_SCE_IRQHandler
                0x0000000008004f10                DMA2_Stream2_IRQHandler
                0x0000000008004f10                SPI1_IRQHandler
                0x0000000008004f10                TIM6_DAC_IRQHandler
                0x0000000008004f10                TIM1_BRK_TIM9_IRQHandler
                0x0000000008004f10                DCMI_IRQHandler
                0x0000000008004f10                CAN2_RX0_IRQHandler
                0x0000000008004f10                DMA2_Stream3_IRQHandler
                0x0000000008004f10                USART6_IRQHandler
                0x0000000008004f10                USART3_IRQHandler
                0x0000000008004f10                CAN1_RX1_IRQHandler
                0x0000000008004f10                UART5_IRQHandler
                0x0000000008004f10                DMA2_Stream0_IRQHandler
                0x0000000008004f10                TIM4_IRQHandler
                0x0000000008004f10                I2C1_EV_IRQHandler
                0x0000000008004f10                DMA1_Stream6_IRQHandler
                0x0000000008004f10                DMA1_Stream1_IRQHandler
                0x0000000008004f10                UART4_IRQHandler
                0x0000000008004f10                TIM3_IRQHandler
                0x0000000008004f10                RCC_IRQHandler
                0x0000000008004f10                TIM8_BRK_TIM12_IRQHandler
                0x0000000008004f10                Default_Handler
                0x0000000008004f10                EXTI15_10_IRQHandler
                0x0000000008004f10                ADC_IRQHandler
                0x0000000008004f10                DMA1_Stream7_IRQHandler
                0x0000000008004f10                SPI5_IRQHandler
                0x0000000008004f10                TIM7_IRQHandler
                0x0000000008004f10                CAN2_TX_IRQHandler
                0x0000000008004f10                TIM5_IRQHandler
                0x0000000008004f10                DMA2_Stream7_IRQHandler
                0x0000000008004f10                I2C3_EV_IRQHandler
                0x0000000008004f10                EXTI9_5_IRQHandler
                0x0000000008004f10                RTC_WKUP_IRQHandler
                0x0000000008004f10                LTDC_IRQHandler
                0x0000000008004f10                ETH_WKUP_IRQHandler
                0x0000000008004f10                SPI2_IRQHandler
                0x0000000008004f10                OTG_HS_EP1_IN_IRQHandler
                0x0000000008004f10                DMA1_Stream0_IRQHandler
                0x0000000008004f10                CAN1_TX_IRQHandler
                0x0000000008004f10                EXTI4_IRQHandler
                0x0000000008004f10                ETH_IRQHandler
                0x0000000008004f10                OTG_HS_EP1_OUT_IRQHandler
                0x0000000008004f10                WWDG_IRQHandler
                0x0000000008004f10                SPI6_IRQHandler
                0x0000000008004f10                TIM2_IRQHandler
                0x0000000008004f10                OTG_FS_WKUP_IRQHandler
                0x0000000008004f10                TIM1_TRG_COM_TIM11_IRQHandler
                0x0000000008004f10                OTG_HS_IRQHandler
                0x0000000008004f10                DMA2D_IRQHandler
                0x0000000008004f10                EXTI1_IRQHandler
                0x0000000008004f10                UART7_IRQHandler
                0x0000000008004f10                USART2_IRQHandler
                0x0000000008004f10                I2C2_ER_IRQHandler
                0x0000000008004f10                DMA2_Stream1_IRQHandler
                0x0000000008004f10                CAN1_SCE_IRQHandler
                0x0000000008004f10                FLASH_IRQHandler
                0x0000000008004f10                DMA2_Stream4_IRQHandler
                0x0000000008004f10                USART1_IRQHandler
                0x0000000008004f10                OTG_FS_IRQHandler
                0x0000000008004f10                SPI3_IRQHandler
                0x0000000008004f10                DMA1_Stream4_IRQHandler
                0x0000000008004f10                I2C1_ER_IRQHandler
                0x0000000008004f10                FMC_IRQHandler
                0x0000000008004f10                DMA2_Stream6_IRQHandler
                0x0000000008004f10                SAI1_IRQHandler
                0x0000000008004f10                DMA1_Stream3_IRQHandler
 *fill*         0x0000000008004f12        0x2 
 .text.LCD_Show_Feature
                0x0000000008004f14      0x2b0 ./Example/User/lcd.o
 .text.LCD_demo
                0x00000000080051c4       0xf4 ./Example/User/lcd.o
                0x00000000080051c4                LCD_demo
 .text.Log_demo
                0x00000000080052b8       0x84 ./Example/User/log.o
                0x00000000080052b8                Log_demo
 .text.Display_DemoDescription
                0x000000000800533c      0x120 ./Example/User/main.o
 .text.startup.main
                0x000000000800545c       0xec ./Example/User/main.o
                0x000000000800545c                main
 .text.CheckForUserInput
                0x0000000008005548       0x1c ./Example/User/main.o
                0x0000000008005548                CheckForUserInput
 .text.Toggle_Leds
                0x0000000008005564       0x24 ./Example/User/main.o
                0x0000000008005564                Toggle_Leds
 .text.HAL_GPIO_EXTI_Callback
                0x0000000008005588       0x10 ./Example/User/main.o
                0x0000000008005588                HAL_GPIO_EXTI_Callback
 .text.Gyroscope_DrawBackground
                0x0000000008005598      0x2d4 ./Example/User/mems.o
 .text.MEMS_demo
                0x000000000800586c      0x290 ./Example/User/mems.o
                0x000000000800586c                MEMS_demo
 .text.NMI_Handler
                0x0000000008005afc        0x2 ./Example/User/stm32f4xx_it.o
                0x0000000008005afc                NMI_Handler
 .text.HardFault_Handler
                0x0000000008005afe        0x2 ./Example/User/stm32f4xx_it.o
                0x0000000008005afe                HardFault_Handler
 .text.MemManage_Handler
                0x0000000008005b00        0x2 ./Example/User/stm32f4xx_it.o
                0x0000000008005b00                MemManage_Handler
 .text.BusFault_Handler
                0x0000000008005b02        0x2 ./Example/User/stm32f4xx_it.o
                0x0000000008005b02                BusFault_Handler
 .text.UsageFault_Handler
                0x0000000008005b04        0x2 ./Example/User/stm32f4xx_it.o
                0x0000000008005b04                UsageFault_Handler
 .text.SVC_Handler
                0x0000000008005b06        0x2 ./Example/User/stm32f4xx_it.o
                0x0000000008005b06                SVC_Handler
 .text.DebugMon_Handler
                0x0000000008005b08        0x2 ./Example/User/stm32f4xx_it.o
                0x0000000008005b08                DebugMon_Handler
 .text.PendSV_Handler
                0x0000000008005b0a        0x2 ./Example/User/stm32f4xx_it.o
                0x0000000008005b0a                PendSV_Handler
 .text.SysTick_Handler
                0x0000000008005b0c        0xe ./Example/User/stm32f4xx_it.o
                0x0000000008005b0c                SysTick_Handler
 .text.EXTI0_IRQHandler
                0x0000000008005b1a        0x6 ./Example/User/stm32f4xx_it.o
                0x0000000008005b1a                EXTI0_IRQHandler
 .text.Touchscreen_demo
                0x0000000008005b20      0x508 ./Example/User/touchscreen.o
                0x0000000008005b20                Touchscreen_demo
 .text.WaitForPressedState
                0x0000000008006028       0x40 ./Example/User/ts_calibration.o
 .text.Touchscreen_Calibration
                0x0000000008006068      0x1d0 ./Example/User/ts_calibration.o
                0x0000000008006068                Touchscreen_Calibration
 .text.Calibration_GetX
                0x0000000008006238       0x20 ./Example/User/ts_calibration.o
                0x0000000008006238                Calibration_GetX
 .text.Calibration_GetY
                0x0000000008006258       0x20 ./Example/User/ts_calibration.o
                0x0000000008006258                Calibration_GetY
 .text.IsCalibrationDone
                0x0000000008006278        0xc ./Example/User/ts_calibration.o
                0x0000000008006278                IsCalibrationDone
 .text.LCD_LOG_DeInit
                0x0000000008006284       0x28 ./Example/Utilities/lcd_log.o
                0x0000000008006284                LCD_LOG_DeInit
 .text.LCD_LOG_Init
                0x00000000080062ac       0x12 ./Example/Utilities/lcd_log.o
                0x00000000080062ac                LCD_LOG_Init
 *fill*         0x00000000080062be        0x2 
 .text.LCD_LOG_SetHeader
                0x00000000080062c0       0x6c ./Example/Utilities/lcd_log.o
                0x00000000080062c0                LCD_LOG_SetHeader
 .text.LCD_LOG_SetFooter
                0x000000000800632c       0x84 ./Example/Utilities/lcd_log.o
                0x000000000800632c                LCD_LOG_SetFooter
 .text.LCD_LOG_ClearTextZone
                0x00000000080063b0       0x18 ./Example/Utilities/lcd_log.o
                0x00000000080063b0                LCD_LOG_ClearTextZone
 .text.LCD_LOG_UpdateDisplay
                0x00000000080063c8       0x7c ./Example/Utilities/lcd_log.o
                0x00000000080063c8                LCD_LOG_UpdateDisplay
 .text.__io_putchar
                0x0000000008006444       0xec ./Example/Utilities/lcd_log.o
                0x0000000008006444                __io_putchar
 .text._sbrk    0x0000000008006530       0x40 ./syscalls.o
                0x0000000008006530                _sbrk
 .text._write   0x0000000008006570       0x1c ./syscalls.o
                0x0000000008006570                _write
 .text._close   0x000000000800658c        0x6 ./syscalls.o
                0x000000000800658c                _close
 .text._fstat   0x0000000008006592        0xa ./syscalls.o
                0x0000000008006592                _fstat
 .text._isatty  0x000000000800659c        0x4 ./syscalls.o
                0x000000000800659c                _isatty
 .text._lseek   0x00000000080065a0        0x4 ./syscalls.o
                0x00000000080065a0                _lseek
 .text._read    0x00000000080065a4       0x1c ./syscalls.o
                0x00000000080065a4                _read
 .text.__errno  0x00000000080065c0        0xc c:/st/stm32cubeide_1.9.0/stm32cubeide/plugins/com.st.stm32cube.ide.mcu.externaltools.gnu-tools-for-stm32.10.3-2021.10.win32_1.0.0.202111181127/tools/bin/../lib/gcc/arm-none-eabi/10.3.1/../../../../arm-none-eabi/lib/thumb/v7e-m+fp/hard\libc_nano.a(lib_a-errno.o)
                0x00000000080065c0                __errno
 .text.__libc_init_array
                0x00000000080065cc       0x48 c:/st/stm32cubeide_1.9.0/stm32cubeide/plugins/com.st.stm32cube.ide.mcu.externaltools.gnu-tools-for-stm32.10.3-2021.10.win32_1.0.0.202111181127/tools/bin/../lib/gcc/arm-none-eabi/10.3.1/../../../../arm-none-eabi/lib/thumb/v7e-m+fp/hard\libc_nano.a(lib_a-init.o)
                0x00000000080065cc                __libc_init_array
 .text.memset   0x0000000008006614       0x10 c:/st/stm32cubeide_1.9.0/stm32cubeide/plugins/com.st.stm32cube.ide.mcu.externaltools.gnu-tools-for-stm32.10.3-2021.10.win32_1.0.0.202111181127/tools/bin/../lib/gcc/arm-none-eabi/10.3.1/../../../../arm-none-eabi/lib/thumb/v7e-m+fp/hard\libc_nano.a(lib_a-memset.o)
                0x0000000008006614                memset
 .text.printf   0x0000000008006624       0x30 c:/st/stm32cubeide_1.9.0/stm32cubeide/plugins/com.st.stm32cube.ide.mcu.externaltools.gnu-tools-for-stm32.10.3-2021.10.win32_1.0.0.202111181127/tools/bin/../lib/gcc/arm-none-eabi/10.3.1/../../../../arm-none-eabi/lib/thumb/v7e-m+fp/hard\libc_nano.a(lib_a-printf.o)
                0x0000000008006624                iprintf
                0x0000000008006624                printf
 .text.sprintf  0x0000000008006654       0x40 c:/st/stm32cubeide_1.9.0/stm32cubeide/plugins/com.st.stm32cube.ide.mcu.externaltools.gnu-tools-for-stm32.10.3-2021.10.win32_1.0.0.202111181127/tools/bin/../lib/gcc/arm-none-eabi/10.3.1/../../../../arm-none-eabi/lib/thumb/v7e-m+fp/hard\libc_nano.a(lib_a-sprintf.o)
                0x0000000008006654                siprintf
                0x0000000008006654                sprintf
 .text.std      0x0000000008006694       0x48 c:/st/stm32cubeide_1.9.0/stm32cubeide/plugins/com.st.stm32cube.ide.mcu.externaltools.gnu-tools-for-stm32.10.3-2021.10.win32_1.0.0.202111181127/tools/bin/../lib/gcc/arm-none-eabi/10.3.1/../../../../arm-none-eabi/lib/thumb/v7e-m+fp/hard\libc_nano.a(lib_a-findfp.o)
 .text._cleanup_r
                0x00000000080066dc        0xc c:/st/stm32cubeide_1.9.0/stm32cubeide/plugins/com.st.stm32cube.ide.mcu.externaltools.gnu-tools-for-stm32.10.3-2021.10.win32_1.0.0.202111181127/tools/bin/../lib/gcc/arm-none-eabi/10.3.1/../../../../arm-none-eabi/lib/thumb/v7e-m+fp/hard\libc_nano.a(lib_a-findfp.o)
                0x00000000080066dc                _cleanup_r
 .text.__sfmoreglue
                0x00000000080066e8       0x2c c:/st/stm32cubeide_1.9.0/stm32cubeide/plugins/com.st.stm32cube.ide.mcu.externaltools.gnu-tools-for-stm32.10.3-2021.10.win32_1.0.0.202111181127/tools/bin/../lib/gcc/arm-none-eabi/10.3.1/../../../../arm-none-eabi/lib/thumb/v7e-m+fp/hard\libc_nano.a(lib_a-findfp.o)
                0x00000000080066e8                __sfmoreglue
 .text.__sfp_lock_acquire
                0x0000000008006714        0xc c:/st/stm32cubeide_1.9.0/stm32cubeide/plugins/com.st.stm32cube.ide.mcu.externaltools.gnu-tools-for-stm32.10.3-2021.10.win32_1.0.0.202111181127/tools/bin/../lib/gcc/arm-none-eabi/10.3.1/../../../../arm-none-eabi/lib/thumb/v7e-m+fp/hard\libc_nano.a(lib_a-findfp.o)
                0x0000000008006714                __sfp_lock_acquire
 .text.__sfp_lock_release
                0x0000000008006720        0xc c:/st/stm32cubeide_1.9.0/stm32cubeide/plugins/com.st.stm32cube.ide.mcu.externaltools.gnu-tools-for-stm32.10.3-2021.10.win32_1.0.0.202111181127/tools/bin/../lib/gcc/arm-none-eabi/10.3.1/../../../../arm-none-eabi/lib/thumb/v7e-m+fp/hard\libc_nano.a(lib_a-findfp.o)
                0x0000000008006720                __sfp_lock_release
 .text.__sinit_lock_acquire
                0x000000000800672c        0xc c:/st/stm32cubeide_1.9.0/stm32cubeide/plugins/com.st.stm32cube.ide.mcu.externaltools.gnu-tools-for-stm32.10.3-2021.10.win32_1.0.0.202111181127/tools/bin/../lib/gcc/arm-none-eabi/10.3.1/../../../../arm-none-eabi/lib/thumb/v7e-m+fp/hard\libc_nano.a(lib_a-findfp.o)
                0x000000000800672c                __sinit_lock_acquire
 .text.__sinit_lock_release
                0x0000000008006738        0xc c:/st/stm32cubeide_1.9.0/stm32cubeide/plugins/com.st.stm32cube.ide.mcu.externaltools.gnu-tools-for-stm32.10.3-2021.10.win32_1.0.0.202111181127/tools/bin/../lib/gcc/arm-none-eabi/10.3.1/../../../../arm-none-eabi/lib/thumb/v7e-m+fp/hard\libc_nano.a(lib_a-findfp.o)
                0x0000000008006738                __sinit_lock_release
 .text.__sinit  0x0000000008006744       0x70 c:/st/stm32cubeide_1.9.0/stm32cubeide/plugins/com.st.stm32cube.ide.mcu.externaltools.gnu-tools-for-stm32.10.3-2021.10.win32_1.0.0.202111181127/tools/bin/../lib/gcc/arm-none-eabi/10.3.1/../../../../arm-none-eabi/lib/thumb/v7e-m+fp/hard\libc_nano.a(lib_a-findfp.o)
                0x0000000008006744                __sinit
 .text.__sfp    0x00000000080067b4       0x8c c:/st/stm32cubeide_1.9.0/stm32cubeide/plugins/com.st.stm32cube.ide.mcu.externaltools.gnu-tools-for-stm32.10.3-2021.10.win32_1.0.0.202111181127/tools/bin/../lib/gcc/arm-none-eabi/10.3.1/../../../../arm-none-eabi/lib/thumb/v7e-m+fp/hard\libc_nano.a(lib_a-findfp.o)
                0x00000000080067b4                __sfp
 .text._fwalk_reent
                0x0000000008006840       0x3e c:/st/stm32cubeide_1.9.0/stm32cubeide/plugins/com.st.stm32cube.ide.mcu.externaltools.gnu-tools-for-stm32.10.3-2021.10.win32_1.0.0.202111181127/tools/bin/../lib/gcc/arm-none-eabi/10.3.1/../../../../arm-none-eabi/lib/thumb/v7e-m+fp/hard\libc_nano.a(lib_a-fwalk.o)
                0x0000000008006840                _fwalk_reent
 .text.__retarget_lock_init_recursive
                0x000000000800687e        0x2 c:/st/stm32cubeide_1.9.0/stm32cubeide/plugins/com.st.stm32cube.ide.mcu.externaltools.gnu-tools-for-stm32.10.3-2021.10.win32_1.0.0.202111181127/tools/bin/../lib/gcc/arm-none-eabi/10.3.1/../../../../arm-none-eabi/lib/thumb/v7e-m+fp/hard\libc_nano.a(lib_a-lock.o)
                0x000000000800687e                __retarget_lock_init_recursive
 .text.__retarget_lock_acquire_recursive
                0x0000000008006880        0x2 c:/st/stm32cubeide_1.9.0/stm32cubeide/plugins/com.st.stm32cube.ide.mcu.externaltools.gnu-tools-for-stm32.10.3-2021.10.win32_1.0.0.202111181127/tools/bin/../lib/gcc/arm-none-eabi/10.3.1/../../../../arm-none-eabi/lib/thumb/v7e-m+fp/hard\libc_nano.a(lib_a-lock.o)
                0x0000000008006880                __retarget_lock_acquire_recursive
 .text.__retarget_lock_release_recursive
                0x0000000008006882        0x2 c:/st/stm32cubeide_1.9.0/stm32cubeide/plugins/com.st.stm32cube.ide.mcu.externaltools.gnu-tools-for-stm32.10.3-2021.10.win32_1.0.0.202111181127/tools/bin/../lib/gcc/arm-none-eabi/10.3.1/../../../../arm-none-eabi/lib/thumb/v7e-m+fp/hard\libc_nano.a(lib_a-lock.o)
                0x0000000008006882                __retarget_lock_release_recursive
 .text.sbrk_aligned
                0x0000000008006884       0x40 c:/st/stm32cubeide_1.9.0/stm32cubeide/plugins/com.st.stm32cube.ide.mcu.externaltools.gnu-tools-for-stm32.10.3-2021.10.win32_1.0.0.202111181127/tools/bin/../lib/gcc/arm-none-eabi/10.3.1/../../../../arm-none-eabi/lib/thumb/v7e-m+fp/hard\libc_nano.a(lib_a-nano-mallocr.o)
 .text._malloc_r
                0x00000000080068c4       0xe8 c:/st/stm32cubeide_1.9.0/stm32cubeide/plugins/com.st.stm32cube.ide.mcu.externaltools.gnu-tools-for-stm32.10.3-2021.10.win32_1.0.0.202111181127/tools/bin/../lib/gcc/arm-none-eabi/10.3.1/../../../../arm-none-eabi/lib/thumb/v7e-m+fp/hard\libc_nano.a(lib_a-nano-mallocr.o)
                0x00000000080068c4                _malloc_r
 .text.__ssputs_r
                0x00000000080069ac       0xb6 c:/st/stm32cubeide_1.9.0/stm32cubeide/plugins/com.st.stm32cube.ide.mcu.externaltools.gnu-tools-for-stm32.10.3-2021.10.win32_1.0.0.202111181127/tools/bin/../lib/gcc/arm-none-eabi/10.3.1/../../../../arm-none-eabi/lib/thumb/v7e-m+fp/hard\libc_nano.a(lib_a-nano-svfprintf.o)
                0x00000000080069ac                __ssputs_r
 *fill*         0x0000000008006a62        0x2 
 .text._svfprintf_r
                0x0000000008006a64      0x200 c:/st/stm32cubeide_1.9.0/stm32cubeide/plugins/com.st.stm32cube.ide.mcu.externaltools.gnu-tools-for-stm32.10.3-2021.10.win32_1.0.0.202111181127/tools/bin/../lib/gcc/arm-none-eabi/10.3.1/../../../../arm-none-eabi/lib/thumb/v7e-m+fp/hard\libc_nano.a(lib_a-nano-svfprintf.o)
                0x0000000008006a64                _svfiprintf_r
                0x0000000008006a64                _svfprintf_r
 .text.__sfputc_r
                0x0000000008006c64       0x2e c:/st/stm32cubeide_1.9.0/stm32cubeide/plugins/com.st.stm32cube.ide.mcu.externaltools.gnu-tools-for-stm32.10.3-2021.10.win32_1.0.0.202111181127/tools/bin/../lib/gcc/arm-none-eabi/10.3.1/../../../../arm-none-eabi/lib/thumb/v7e-m+fp/hard\libc_nano.a(lib_a-nano-vfprintf.o)
 .text.__sfputs_r
                0x0000000008006c92       0x24 c:/st/stm32cubeide_1.9.0/stm32cubeide/plugins/com.st.stm32cube.ide.mcu.externaltools.gnu-tools-for-stm32.10.3-2021.10.win32_1.0.0.202111181127/tools/bin/../lib/gcc/arm-none-eabi/10.3.1/../../../../arm-none-eabi/lib/thumb/v7e-m+fp/hard\libc_nano.a(lib_a-nano-vfprintf.o)
                0x0000000008006c92                __sfputs_r
 *fill*         0x0000000008006cb6        0x2 
 .text._vfprintf_r
                0x0000000008006cb8      0x260 c:/st/stm32cubeide_1.9.0/stm32cubeide/plugins/com.st.stm32cube.ide.mcu.externaltools.gnu-tools-for-stm32.10.3-2021.10.win32_1.0.0.202111181127/tools/bin/../lib/gcc/arm-none-eabi/10.3.1/../../../../arm-none-eabi/lib/thumb/v7e-m+fp/hard\libc_nano.a(lib_a-nano-vfprintf.o)
                0x0000000008006cb8                _vfprintf_r
                0x0000000008006cb8                _vfiprintf_r
 .text._printf_common
                0x0000000008006f18       0xda c:/st/stm32cubeide_1.9.0/stm32cubeide/plugins/com.st.stm32cube.ide.mcu.externaltools.gnu-tools-for-stm32.10.3-2021.10.win32_1.0.0.202111181127/tools/bin/../lib/gcc/arm-none-eabi/10.3.1/../../../../arm-none-eabi/lib/thumb/v7e-m+fp/hard\libc_nano.a(lib_a-nano-vfprintf_i.o)
                0x0000000008006f18                _printf_common
 *fill*         0x0000000008006ff2        0x2 
 .text._printf_i
                0x0000000008006ff4      0x24c c:/st/stm32cubeide_1.9.0/stm32cubeide/plugins/com.st.stm32cube.ide.mcu.externaltools.gnu-tools-for-stm32.10.3-2021.10.win32_1.0.0.202111181127/tools/bin/../lib/gcc/arm-none-eabi/10.3.1/../../../../arm-none-eabi/lib/thumb/v7e-m+fp/hard\libc_nano.a(lib_a-nano-vfprintf_i.o)
                0x0000000008006ff4                _printf_i
 .text._sbrk_r  0x0000000008007240       0x20 c:/st/stm32cubeide_1.9.0/stm32cubeide/plugins/com.st.stm32cube.ide.mcu.externaltools.gnu-tools-for-stm32.10.3-2021.10.win32_1.0.0.202111181127/tools/bin/../lib/gcc/arm-none-eabi/10.3.1/../../../../arm-none-eabi/lib/thumb/v7e-m+fp/hard\libc_nano.a(lib_a-sbrkr.o)
                0x0000000008007240                _sbrk_r
 .text.__sread  0x0000000008007260       0x22 c:/st/stm32cubeide_1.9.0/stm32cubeide/plugins/com.st.stm32cube.ide.mcu.externaltools.gnu-tools-for-stm32.10.3-2021.10.win32_1.0.0.202111181127/tools/bin/../lib/gcc/arm-none-eabi/10.3.1/../../../../arm-none-eabi/lib/thumb/v7e-m+fp/hard\libc_nano.a(lib_a-stdio.o)
                0x0000000008007260                __sread
 .text.__swrite
                0x0000000008007282       0x38 c:/st/stm32cubeide_1.9.0/stm32cubeide/plugins/com.st.stm32cube.ide.mcu.externaltools.gnu-tools-for-stm32.10.3-2021.10.win32_1.0.0.202111181127/tools/bin/../lib/gcc/arm-none-eabi/10.3.1/../../../../arm-none-eabi/lib/thumb/v7e-m+fp/hard\libc_nano.a(lib_a-stdio.o)
                0x0000000008007282                __swrite
 .text.__sseek  0x00000000080072ba       0x24 c:/st/stm32cubeide_1.9.0/stm32cubeide/plugins/com.st.stm32cube.ide.mcu.externaltools.gnu-tools-for-stm32.10.3-2021.10.win32_1.0.0.202111181127/tools/bin/../lib/gcc/arm-none-eabi/10.3.1/../../../../arm-none-eabi/lib/thumb/v7e-m+fp/hard\libc_nano.a(lib_a-stdio.o)
                0x00000000080072ba                __sseek
 .text.__sclose
                0x00000000080072de        0x8 c:/st/stm32cubeide_1.9.0/stm32cubeide/plugins/com.st.stm32cube.ide.mcu.externaltools.gnu-tools-for-stm32.10.3-2021.10.win32_1.0.0.202111181127/tools/bin/../lib/gcc/arm-none-eabi/10.3.1/../../../../arm-none-eabi/lib/thumb/v7e-m+fp/hard\libc_nano.a(lib_a-stdio.o)
                0x00000000080072de                __sclose
 *fill*         0x00000000080072e6        0x2 
 .text.__swbuf_r
                0x00000000080072e8       0xa4 c:/st/stm32cubeide_1.9.0/stm32cubeide/plugins/com.st.stm32cube.ide.mcu.externaltools.gnu-tools-for-stm32.10.3-2021.10.win32_1.0.0.202111181127/tools/bin/../lib/gcc/arm-none-eabi/10.3.1/../../../../arm-none-eabi/lib/thumb/v7e-m+fp/hard\libc_nano.a(lib_a-wbuf.o)
                0x00000000080072e8                __swbuf_r
 .text._write_r
                0x000000000800738c       0x24 c:/st/stm32cubeide_1.9.0/stm32cubeide/plugins/com.st.stm32cube.ide.mcu.externaltools.gnu-tools-for-stm32.10.3-2021.10.win32_1.0.0.202111181127/tools/bin/../lib/gcc/arm-none-eabi/10.3.1/../../../../arm-none-eabi/lib/thumb/v7e-m+fp/hard\libc_nano.a(lib_a-writer.o)
                0x000000000800738c                _write_r
 .text.__swsetup_r
                0x00000000080073b0       0xdc c:/st/stm32cubeide_1.9.0/stm32cubeide/plugins/com.st.stm32cube.ide.mcu.externaltools.gnu-tools-for-stm32.10.3-2021.10.win32_1.0.0.202111181127/tools/bin/../lib/gcc/arm-none-eabi/10.3.1/../../../../arm-none-eabi/lib/thumb/v7e-m+fp/hard\libc_nano.a(lib_a-wsetup.o)
                0x00000000080073b0                __swsetup_r
 .text._close_r
                0x000000000800748c       0x20 c:/st/stm32cubeide_1.9.0/stm32cubeide/plugins/com.st.stm32cube.ide.mcu.externaltools.gnu-tools-for-stm32.10.3-2021.10.win32_1.0.0.202111181127/tools/bin/../lib/gcc/arm-none-eabi/10.3.1/../../../../arm-none-eabi/lib/thumb/v7e-m+fp/hard\libc_nano.a(lib_a-closer.o)
                0x000000000800748c                _close_r
 .text.__sflush_r
                0x00000000080074ac      0x10c c:/st/stm32cubeide_1.9.0/stm32cubeide/plugins/com.st.stm32cube.ide.mcu.externaltools.gnu-tools-for-stm32.10.3-2021.10.win32_1.0.0.202111181127/tools/bin/../lib/gcc/arm-none-eabi/10.3.1/../../../../arm-none-eabi/lib/thumb/v7e-m+fp/hard\libc_nano.a(lib_a-fflush.o)
                0x00000000080074ac                __sflush_r
 .text._fflush_r
                0x00000000080075b8       0x78 c:/st/stm32cubeide_1.9.0/stm32cubeide/plugins/com.st.stm32cube.ide.mcu.externaltools.gnu-tools-for-stm32.10.3-2021.10.win32_1.0.0.202111181127/tools/bin/../lib/gcc/arm-none-eabi/10.3.1/../../../../arm-none-eabi/lib/thumb/v7e-m+fp/hard\libc_nano.a(lib_a-fflush.o)
                0x00000000080075b8                _fflush_r
 .text._lseek_r
                0x0000000008007630       0x24 c:/st/stm32cubeide_1.9.0/stm32cubeide/plugins/com.st.stm32cube.ide.mcu.externaltools.gnu-tools-for-stm32.10.3-2021.10.win32_1.0.0.202111181127/tools/bin/../lib/gcc/arm-none-eabi/10.3.1/../../../../arm-none-eabi/lib/thumb/v7e-m+fp/hard\libc_nano.a(lib_a-lseekr.o)
                0x0000000008007630                _lseek_r
 .text.__swhatbuf_r
                0x0000000008007654       0x4a c:/st/stm32cubeide_1.9.0/stm32cubeide/plugins/com.st.stm32cube.ide.mcu.externaltools.gnu-tools-for-stm32.10.3-2021.10.win32_1.0.0.202111181127/tools/bin/../lib/gcc/arm-none-eabi/10.3.1/../../../../arm-none-eabi/lib/thumb/v7e-m+fp/hard\libc_nano.a(lib_a-makebuf.o)
                0x0000000008007654                __swhatbuf_r
 *fill*         0x000000000800769e        0x2 
 .text.__smakebuf_r
                0x00000000080076a0       0x80 c:/st/stm32cubeide_1.9.0/stm32cubeide/plugins/com.st.stm32cube.ide.mcu.externaltools.gnu-tools-for-stm32.10.3-2021.10.win32_1.0.0.202111181127/tools/bin/../lib/gcc/arm-none-eabi/10.3.1/../../../../arm-none-eabi/lib/thumb/v7e-m+fp/hard\libc_nano.a(lib_a-makebuf.o)
                0x00000000080076a0                __smakebuf_r
 .text.memcpy   0x0000000008007720       0x1c c:/st/stm32cubeide_1.9.0/stm32cubeide/plugins/com.st.stm32cube.ide.mcu.externaltools.gnu-tools-for-stm32.10.3-2021.10.win32_1.0.0.202111181127/tools/bin/../lib/gcc/arm-none-eabi/10.3.1/../../../../arm-none-eabi/lib/thumb/v7e-m+fp/hard\libc_nano.a(lib_a-memcpy-stub.o)
                0x0000000008007720                memcpy
 .text.memmove  0x000000000800773c       0x34 c:/st/stm32cubeide_1.9.0/stm32cubeide/plugins/com.st.stm32cube.ide.mcu.externaltools.gnu-tools-for-stm32.10.3-2021.10.win32_1.0.0.202111181127/tools/bin/../lib/gcc/arm-none-eabi/10.3.1/../../../../arm-none-eabi/lib/thumb/v7e-m+fp/hard\libc_nano.a(lib_a-memmove.o)
                0x000000000800773c                memmove
 .text.__malloc_lock
                0x0000000008007770        0xc c:/st/stm32cubeide_1.9.0/stm32cubeide/plugins/com.st.stm32cube.ide.mcu.externaltools.gnu-tools-for-stm32.10.3-2021.10.win32_1.0.0.202111181127/tools/bin/../lib/gcc/arm-none-eabi/10.3.1/../../../../arm-none-eabi/lib/thumb/v7e-m+fp/hard\libc_nano.a(lib_a-mlock.o)
                0x0000000008007770                __malloc_lock
 .text.__malloc_unlock
                0x000000000800777c        0xc c:/st/stm32cubeide_1.9.0/stm32cubeide/plugins/com.st.stm32cube.ide.mcu.externaltools.gnu-tools-for-stm32.10.3-2021.10.win32_1.0.0.202111181127/tools/bin/../lib/gcc/arm-none-eabi/10.3.1/../../../../arm-none-eabi/lib/thumb/v7e-m+fp/hard\libc_nano.a(lib_a-mlock.o)
                0x000000000800777c                __malloc_unlock
 .text._free_r  0x0000000008007788       0x98 c:/st/stm32cubeide_1.9.0/stm32cubeide/plugins/com.st.stm32cube.ide.mcu.externaltools.gnu-tools-for-stm32.10.3-2021.10.win32_1.0.0.202111181127/tools/bin/../lib/gcc/arm-none-eabi/10.3.1/../../../../arm-none-eabi/lib/thumb/v7e-m+fp/hard\libc_nano.a(lib_a-nano-freer.o)
                0x0000000008007788                _free_r
 .text._realloc_r
                0x0000000008007820       0x5e c:/st/stm32cubeide_1.9.0/stm32cubeide/plugins/com.st.stm32cube.ide.mcu.externaltools.gnu-tools-for-stm32.10.3-2021.10.win32_1.0.0.202111181127/tools/bin/../lib/gcc/arm-none-eabi/10.3.1/../../../../arm-none-eabi/lib/thumb/v7e-m+fp/hard\libc_nano.a(lib_a-nano-reallocr.o)
                0x0000000008007820                _realloc_r
 *fill*         0x000000000800787e        0x2 
 .text._read_r  0x0000000008007880       0x24 c:/st/stm32cubeide_1.9.0/stm32cubeide/plugins/com.st.stm32cube.ide.mcu.externaltools.gnu-tools-for-stm32.10.3-2021.10.win32_1.0.0.202111181127/tools/bin/../lib/gcc/arm-none-eabi/10.3.1/../../../../arm-none-eabi/lib/thumb/v7e-m+fp/hard\libc_nano.a(lib_a-readr.o)
                0x0000000008007880                _read_r
 .text._fstat_r
                0x00000000080078a4       0x24 c:/st/stm32cubeide_1.9.0/stm32cubeide/plugins/com.st.stm32cube.ide.mcu.externaltools.gnu-tools-for-stm32.10.3-2021.10.win32_1.0.0.202111181127/tools/bin/../lib/gcc/arm-none-eabi/10.3.1/../../../../arm-none-eabi/lib/thumb/v7e-m+fp/hard\libc_nano.a(lib_a-fstatr.o)
                0x00000000080078a4                _fstat_r
 .text._isatty_r
                0x00000000080078c8       0x20 c:/st/stm32cubeide_1.9.0/stm32cubeide/plugins/com.st.stm32cube.ide.mcu.externaltools.gnu-tools-for-stm32.10.3-2021.10.win32_1.0.0.202111181127/tools/bin/../lib/gcc/arm-none-eabi/10.3.1/../../../../arm-none-eabi/lib/thumb/v7e-m+fp/hard\libc_nano.a(lib_a-isattyr.o)
                0x00000000080078c8                _isatty_r
 .text._malloc_usable_size_r
                0x00000000080078e8       0x10 c:/st/stm32cubeide_1.9.0/stm32cubeide/plugins/com.st.stm32cube.ide.mcu.externaltools.gnu-tools-for-stm32.10.3-2021.10.win32_1.0.0.202111181127/tools/bin/../lib/gcc/arm-none-eabi/10.3.1/../../../../arm-none-eabi/lib/thumb/v7e-m+fp/hard\libc_nano.a(lib_a-nano-msizer.o)
                0x00000000080078e8                _malloc_usable_size_r
 *(.glue_7)
 .glue_7        0x00000000080078f8        0x0 linker stubs
 *(.glue_7t)
 .glue_7t       0x00000000080078f8        0x0 linker stubs
 *(.eh_frame)
 .eh_frame      0x00000000080078f8        0x0 c:/st/stm32cubeide_1.9.0/stm32cubeide/plugins/com.st.stm32cube.ide.mcu.externaltools.gnu-tools-for-stm32.10.3-2021.10.win32_1.0.0.202111181127/tools/bin/../lib/gcc/arm-none-eabi/10.3.1/thumb/v7e-m+fp/hard/crtbegin.o
 *(.init)
 .init          0x00000000080078f8        0x4 c:/st/stm32cubeide_1.9.0/stm32cubeide/plugins/com.st.stm32cube.ide.mcu.externaltools.gnu-tools-for-stm32.10.3-2021.10.win32_1.0.0.202111181127/tools/bin/../lib/gcc/arm-none-eabi/10.3.1/thumb/v7e-m+fp/hard/crti.o
                0x00000000080078f8                _init
 .init          0x00000000080078fc        0x8 c:/st/stm32cubeide_1.9.0/stm32cubeide/plugins/com.st.stm32cube.ide.mcu.externaltools.gnu-tools-for-stm32.10.3-2021.10.win32_1.0.0.202111181127/tools/bin/../lib/gcc/arm-none-eabi/10.3.1/thumb/v7e-m+fp/hard/crtn.o
 *(.fini)
 .fini          0x0000000008007904        0x4 c:/st/stm32cubeide_1.9.0/stm32cubeide/plugins/com.st.stm32cube.ide.mcu.externaltools.gnu-tools-for-stm32.10.3-2021.10.win32_1.0.0.202111181127/tools/bin/../lib/gcc/arm-none-eabi/10.3.1/thumb/v7e-m+fp/hard/crti.o
                0x0000000008007904                _fini
 .fini          0x0000000008007908        0x8 c:/st/stm32cubeide_1.9.0/stm32cubeide/plugins/com.st.stm32cube.ide.mcu.externaltools.gnu-tools-for-stm32.10.3-2021.10.win32_1.0.0.202111181127/tools/bin/../lib/gcc/arm-none-eabi/10.3.1/thumb/v7e-m+fp/hard/crtn.o
                0x0000000008007910                . = ALIGN (0x4)
                0x0000000008007910                _etext = .

.vfp11_veneer   0x0000000008007910        0x0
 .vfp11_veneer  0x0000000008007910        0x0 linker stubs

.v4_bx          0x0000000008007910        0x0
 .v4_bx         0x0000000008007910        0x0 linker stubs

.iplt           0x0000000008007910        0x0
 .iplt          0x0000000008007910        0x0 c:/st/stm32cubeide_1.9.0/stm32cubeide/plugins/com.st.stm32cube.ide.mcu.externaltools.gnu-tools-for-stm32.10.3-2021.10.win32_1.0.0.202111181127/tools/bin/../lib/gcc/arm-none-eabi/10.3.1/thumb/v7e-m+fp/hard/crtbegin.o

.rodata         0x0000000008007910     0x6414
                0x0000000008007910                . = ALIGN (0x4)
 *(.rodata)
 .rodata        0x0000000008007910        0x8 ./Drivers/BSP/STM32F429I-Discovery/stm32f429i_discovery.o
                0x0000000008007910                GPIO_PIN
                0x0000000008007914                BUTTON_IRQn
                0x0000000008007916                BUTTON_PIN
 .rodata        0x0000000008007918     0x3cdc ./Drivers/BSP/STM32F429I-Discovery/stm32f429i_discovery_lcd.o
                0x0000000008007918                Font8_Table
                0x0000000008007c10                Font12_Table
                0x0000000008008084                Font16_Table
                0x0000000008008c64                Font20_Table
                0x0000000008009b3c                Font24_Table
 .rodata        0x000000000800b5f4       0x18 ./Drivers/CMSIS/system_stm32f4xx.o
                0x000000000800b5f4                AHBPrescTable
                0x000000000800b604                APBPrescTable
 .rodata        0x000000000800b60c        0x8 ./Drivers/STM32F4xx_HAL_Driver/stm32f4xx_hal_dma.o
 .rodata        0x000000000800b614       0x18 ./Example/User/lcd.o
 .rodata        0x000000000800b62c     0x23d6 ./Example/User/main.o
                0x000000000800b62c                stlogo
 *(.rodata*)
 .rodata.str1.1
                0x000000000800da02       0xa1 ./Example/User/lcd.o
 .rodata.str1.1
                0x000000000800daa3       0x38 ./Example/User/log.o
 .rodata.str1.1
                0x000000000800dadb       0x6d ./Example/User/main.o
 .rodata.str1.1
                0x000000000800db48       0x7e ./Example/User/mems.o
 .rodata.str1.1
                0x000000000800dbc6       0x71 ./Example/User/touchscreen.o
                                         0x83 (size before relaxing)
 .rodata.str1.1
                0x000000000800dc37       0x52 ./Example/User/ts_calibration.o
                                         0x7a (size before relaxing)
 *fill*         0x000000000800dc89        0x3 
 .rodata._global_impure_ptr
                0x000000000800dc8c        0x4 c:/st/stm32cubeide_1.9.0/stm32cubeide/plugins/com.st.stm32cube.ide.mcu.externaltools.gnu-tools-for-stm32.10.3-2021.10.win32_1.0.0.202111181127/tools/bin/../lib/gcc/arm-none-eabi/10.3.1/../../../../arm-none-eabi/lib/thumb/v7e-m+fp/hard\libc_nano.a(lib_a-impure.o)
                0x000000000800dc8c                _global_impure_ptr
 .rodata.__sf_fake_stderr
                0x000000000800dc90       0x20 c:/st/stm32cubeide_1.9.0/stm32cubeide/plugins/com.st.stm32cube.ide.mcu.externaltools.gnu-tools-for-stm32.10.3-2021.10.win32_1.0.0.202111181127/tools/bin/../lib/gcc/arm-none-eabi/10.3.1/../../../../arm-none-eabi/lib/thumb/v7e-m+fp/hard\libc_nano.a(lib_a-findfp.o)
                0x000000000800dc90                __sf_fake_stderr
 .rodata.__sf_fake_stdin
                0x000000000800dcb0       0x20 c:/st/stm32cubeide_1.9.0/stm32cubeide/plugins/com.st.stm32cube.ide.mcu.externaltools.gnu-tools-for-stm32.10.3-2021.10.win32_1.0.0.202111181127/tools/bin/../lib/gcc/arm-none-eabi/10.3.1/../../../../arm-none-eabi/lib/thumb/v7e-m+fp/hard\libc_nano.a(lib_a-findfp.o)
                0x000000000800dcb0                __sf_fake_stdin
 .rodata.__sf_fake_stdout
                0x000000000800dcd0       0x20 c:/st/stm32cubeide_1.9.0/stm32cubeide/plugins/com.st.stm32cube.ide.mcu.externaltools.gnu-tools-for-stm32.10.3-2021.10.win32_1.0.0.202111181127/tools/bin/../lib/gcc/arm-none-eabi/10.3.1/../../../../arm-none-eabi/lib/thumb/v7e-m+fp/hard\libc_nano.a(lib_a-findfp.o)
                0x000000000800dcd0                __sf_fake_stdout
 .rodata._svfprintf_r.str1.1
                0x000000000800dcf0       0x11 c:/st/stm32cubeide_1.9.0/stm32cubeide/plugins/com.st.stm32cube.ide.mcu.externaltools.gnu-tools-for-stm32.10.3-2021.10.win32_1.0.0.202111181127/tools/bin/../lib/gcc/arm-none-eabi/10.3.1/../../../../arm-none-eabi/lib/thumb/v7e-m+fp/hard\libc_nano.a(lib_a-nano-svfprintf.o)
 .rodata._vfprintf_r.str1.1
                0x000000000800dd01       0x11 c:/st/stm32cubeide_1.9.0/stm32cubeide/plugins/com.st.stm32cube.ide.mcu.externaltools.gnu-tools-for-stm32.10.3-2021.10.win32_1.0.0.202111181127/tools/bin/../lib/gcc/arm-none-eabi/10.3.1/../../../../arm-none-eabi/lib/thumb/v7e-m+fp/hard\libc_nano.a(lib_a-nano-vfprintf.o)
 .rodata._printf_i.str1.1
                0x000000000800dd01       0x22 c:/st/stm32cubeide_1.9.0/stm32cubeide/plugins/com.st.stm32cube.ide.mcu.externaltools.gnu-tools-for-stm32.10.3-2021.10.win32_1.0.0.202111181127/tools/bin/../lib/gcc/arm-none-eabi/10.3.1/../../../../arm-none-eabi/lib/thumb/v7e-m+fp/hard\libc_nano.a(lib_a-nano-vfprintf_i.o)
                0x000000000800dd24                . = ALIGN (0x4)
 *fill*         0x000000000800dd23        0x1 

.ARM.extab
 *(.ARM.extab* .gnu.linkonce.armextab.*)

.ARM            0x000000000800dd24        0x8
                0x000000000800dd24                __exidx_start = .
 *(.ARM.exidx*)
 .ARM.exidx     0x000000000800dd24        0x8 c:/st/stm32cubeide_1.9.0/stm32cubeide/plugins/com.st.stm32cube.ide.mcu.externaltools.gnu-tools-for-stm32.10.3-2021.10.win32_1.0.0.202111181127/tools/bin/../lib/gcc/arm-none-eabi/10.3.1/thumb/v7e-m+fp/hard\libgcc.a(_udivmoddi4.o)
                0x000000000800dd2c                __exidx_end = .

.rel.dyn        0x000000000800dd2c        0x0
 .rel.iplt      0x000000000800dd2c        0x0 c:/st/stm32cubeide_1.9.0/stm32cubeide/plugins/com.st.stm32cube.ide.mcu.externaltools.gnu-tools-for-stm32.10.3-2021.10.win32_1.0.0.202111181127/tools/bin/../lib/gcc/arm-none-eabi/10.3.1/thumb/v7e-m+fp/hard/crtbegin.o

.preinit_array  0x000000000800dd2c        0x0
                0x000000000800dd2c                PROVIDE (__preinit_array_start = .)
 *(.preinit_array*)
                0x000000000800dd2c                PROVIDE (__preinit_array_end = .)

.init_array     0x000000000800dd2c        0x4
                0x000000000800dd2c                PROVIDE (__init_array_start = .)
 *(SORT_BY_NAME(.init_array.*))
 *(.init_array*)
 .init_array    0x000000000800dd2c        0x4 c:/st/stm32cubeide_1.9.0/stm32cubeide/plugins/com.st.stm32cube.ide.mcu.externaltools.gnu-tools-for-stm32.10.3-2021.10.win32_1.0.0.202111181127/tools/bin/../lib/gcc/arm-none-eabi/10.3.1/thumb/v7e-m+fp/hard/crtbegin.o
                0x000000000800dd30                PROVIDE (__init_array_end = .)

.fini_array     0x000000000800dd30        0x4
                [!provide]                        PROVIDE (__fini_array_start = .)
 *(SORT_BY_NAME(.fini_array.*))
 *(.fini_array*)
 .fini_array    0x000000000800dd30        0x4 c:/st/stm32cubeide_1.9.0/stm32cubeide/plugins/com.st.stm32cube.ide.mcu.externaltools.gnu-tools-for-stm32.10.3-2021.10.win32_1.0.0.202111181127/tools/bin/../lib/gcc/arm-none-eabi/10.3.1/thumb/v7e-m+fp/hard/crtbegin.o
                [!provide]                        PROVIDE (__fini_array_end = .)
                0x000000000800dd34                _sidata = LOADADDR (.data)

.data           0x0000000020000000      0x260 load address 0x000000000800dd34
                0x0000000020000000                . = ALIGN (0x4)
                0x0000000020000000                _sdata = .
 *(.data)
 .data          0x0000000020000000       0x38 ./Drivers/BSP/Components/ili9341.o
                0x0000000020000000                ili9341_drv
 .data          0x0000000020000038       0x34 ./Drivers/BSP/Components/l3gd20.o
                0x0000000020000038                L3gd20Drv
 .data          0x000000002000006c       0x54 ./Drivers/BSP/Components/stmpe811.o
                0x000000002000006c                stmpe811_io_drv
                0x0000000020000098                stmpe811_ts_drv
 .data          0x00000000200000c0       0x14 ./Drivers/BSP/STM32F429I-Discovery/stm32f429i_discovery.o
                0x00000000200000c0                SpixTimeout
                0x00000000200000c4                GPIO_PORT
                0x00000000200000cc                BUTTON_PORT
                0x00000000200000d0                I2cxTimeout
 .data          0x00000000200000d4       0x28 ./Drivers/BSP/STM32F429I-Discovery/stm32f429i_discovery_lcd.o
                0x00000000200000d4                Font24
                0x00000000200000dc                Font8
                0x00000000200000e4                Font12
                0x00000000200000ec                Font16
                0x00000000200000f4                Font20
 .data          0x00000000200000fc        0x1 ./Drivers/BSP/STM32F429I-Discovery/stm32f429i_discovery_sdram.o
 *fill*         0x00000000200000fd        0x3 
 .data          0x0000000020000100        0x4 ./Drivers/CMSIS/system_stm32f4xx.o
                0x0000000020000100                SystemCoreClock
 .data          0x0000000020000104        0x8 ./Drivers/STM32F4xx_HAL_Driver/stm32f4xx_hal.o
                0x0000000020000104                uwTickFreq
                0x0000000020000108                uwTickPrio
 .data          0x000000002000010c       0xf0 ./Example/User/main.o
                0x000000002000010c                BSP_examples
 *(.data*)
 .data._impure_ptr
                0x00000000200001fc        0x4 c:/st/stm32cubeide_1.9.0/stm32cubeide/plugins/com.st.stm32cube.ide.mcu.externaltools.gnu-tools-for-stm32.10.3-2021.10.win32_1.0.0.202111181127/tools/bin/../lib/gcc/arm-none-eabi/10.3.1/../../../../arm-none-eabi/lib/thumb/v7e-m+fp/hard\libc_nano.a(lib_a-impure.o)
                0x00000000200001fc                _impure_ptr
 .data.impure_data
                0x0000000020000200       0x60 c:/st/stm32cubeide_1.9.0/stm32cubeide/plugins/com.st.stm32cube.ide.mcu.externaltools.gnu-tools-for-stm32.10.3-2021.10.win32_1.0.0.202111181127/tools/bin/../lib/gcc/arm-none-eabi/10.3.1/../../../../arm-none-eabi/lib/thumb/v7e-m+fp/hard\libc_nano.a(lib_a-impure.o)
                0x0000000020000260                . = ALIGN (0x4)
                0x0000000020000260                _edata = .
                0x000000000800df94                _siccmram = LOADADDR (.ccmram)

.igot.plt       0x0000000020000260        0x0 load address 0x000000000800df94
 .igot.plt      0x0000000020000260        0x0 c:/st/stm32cubeide_1.9.0/stm32cubeide/plugins/com.st.stm32cube.ide.mcu.externaltools.gnu-tools-for-stm32.10.3-2021.10.win32_1.0.0.202111181127/tools/bin/../lib/gcc/arm-none-eabi/10.3.1/thumb/v7e-m+fp/hard/crtbegin.o

.ccmram         0x0000000010000000        0x0 load address 0x000000000800df94
                0x0000000010000000                . = ALIGN (0x4)
                0x0000000010000000                _sccmram = .
 *(.ccmram)
 *(.ccmram*)
                0x0000000010000000                . = ALIGN (0x4)
                0x0000000010000000                _eccmram = .
                0x0000000010000000                . = ALIGN (0x4)

.bss            0x0000000020000260     0x4008
                0x0000000020000260                _sbss = .
                0x0000000020000260                __bss_start__ = _sbss
 *(.bss)
 .bss           0x0000000020000260       0x1c c:/st/stm32cubeide_1.9.0/stm32cubeide/plugins/com.st.stm32cube.ide.mcu.externaltools.gnu-tools-for-stm32.10.3-2021.10.win32_1.0.0.202111181127/tools/bin/../lib/gcc/arm-none-eabi/10.3.1/thumb/v7e-m+fp/hard/crtbegin.o
 .bss           0x000000002000027c        0x2 ./Drivers/BSP/Components/stmpe811.o
                0x000000002000027c                stmpe811
 *fill*         0x000000002000027e        0x2 
 .bss           0x0000000020000280       0xad ./Drivers/BSP/STM32F429I-Discovery/stm32f429i_discovery.o
                0x00000000200002d8                I2cHandle
 *fill*         0x000000002000032d        0x3 
 .bss           0x0000000020000330        0x4 ./Drivers/BSP/STM32F429I-Discovery/stm32f429i_discovery_gyroscope.o
 .bss           0x0000000020000334      0x138 ./Drivers/BSP/STM32F429I-Discovery/stm32f429i_discovery_lcd.o
                0x0000000020000374                LcdDrv
                0x0000000020000378                LtdcHandler
 .bss           0x000000002000046c      0x120 ./Drivers/BSP/STM32F429I-Discovery/stm32f429i_discovery_sdram.o
 .bss           0x000000002000058c       0x10 ./Drivers/BSP/STM32F429I-Discovery/stm32f429i_discovery_ts.o
 .bss           0x000000002000059c        0x4 ./Drivers/STM32F4xx_HAL_Driver/stm32f4xx_hal.o
                0x000000002000059c                uwTick
 .bss           0x00000000200005a0        0x1 ./Example/User/lcd.o
 .bss           0x00000000200005a1        0x3 ./Example/User/main.o
                0x00000000200005a3                ubKeyPressed
 .bss           0x00000000200005a4       0x1c ./Example/User/mems.o
                0x00000000200005a4                state
                0x00000000200005a8                Buffer
                0x00000000200005b4                Xval
                0x00000000200005b8                Yval
                0x00000000200005bc                Zval
 .bss           0x00000000200005c0        0x8 ./Example/User/touchscreen.o
 .bss           0x00000000200005c8       0x21 ./Example/User/ts_calibration.o
 *fill*         0x00000000200005e9        0x3 
 .bss           0x00000000200005ec     0x3c68 ./Example/Utilities/lcd_log.o
                0x00000000200005ec                LCD_LineColor
                0x00000000200005f0                LCD_CacheBuffer_xptr
                0x00000000200005f2                LCD_CacheBuffer_yptr_top
                0x00000000200005f4                LCD_CacheBuffer_yptr_bottom
                0x00000000200005f6                LCD_CacheBuffer_yptr_top_bak
                0x00000000200005f8                LCD_CacheBuffer_yptr_bottom_bak
                0x00000000200005fa                LCD_CacheBuffer_yptr_invert
                0x00000000200005fb                LCD_ScrollActive
                0x00000000200005fc                LCD_Lock
                0x00000000200005fd                LCD_Scrolled
                0x00000000200005fe                LCD_ScrollBackStep
                0x0000000020000600                LCD_CacheBuffer
 .bss           0x0000000020004254        0x4 ./syscalls.o
 *(.bss*)
 .bss.__lock___malloc_recursive_mutex
                0x0000000020004258        0x1 c:/st/stm32cubeide_1.9.0/stm32cubeide/plugins/com.st.stm32cube.ide.mcu.externaltools.gnu-tools-for-stm32.10.3-2021.10.win32_1.0.0.202111181127/tools/bin/../lib/gcc/arm-none-eabi/10.3.1/../../../../arm-none-eabi/lib/thumb/v7e-m+fp/hard\libc_nano.a(lib_a-lock.o)
                0x0000000020004258                __lock___malloc_recursive_mutex
 .bss.__lock___sfp_recursive_mutex
                0x0000000020004259        0x1 c:/st/stm32cubeide_1.9.0/stm32cubeide/plugins/com.st.stm32cube.ide.mcu.externaltools.gnu-tools-for-stm32.10.3-2021.10.win32_1.0.0.202111181127/tools/bin/../lib/gcc/arm-none-eabi/10.3.1/../../../../arm-none-eabi/lib/thumb/v7e-m+fp/hard\libc_nano.a(lib_a-lock.o)
                0x0000000020004259                __lock___sfp_recursive_mutex
 .bss.__lock___sinit_recursive_mutex
                0x000000002000425a        0x1 c:/st/stm32cubeide_1.9.0/stm32cubeide/plugins/com.st.stm32cube.ide.mcu.externaltools.gnu-tools-for-stm32.10.3-2021.10.win32_1.0.0.202111181127/tools/bin/../lib/gcc/arm-none-eabi/10.3.1/../../../../arm-none-eabi/lib/thumb/v7e-m+fp/hard\libc_nano.a(lib_a-lock.o)
                0x000000002000425a                __lock___sinit_recursive_mutex
 *fill*         0x000000002000425b        0x1 
 .bss.__malloc_free_list
                0x000000002000425c        0x4 c:/st/stm32cubeide_1.9.0/stm32cubeide/plugins/com.st.stm32cube.ide.mcu.externaltools.gnu-tools-for-stm32.10.3-2021.10.win32_1.0.0.202111181127/tools/bin/../lib/gcc/arm-none-eabi/10.3.1/../../../../arm-none-eabi/lib/thumb/v7e-m+fp/hard\libc_nano.a(lib_a-nano-mallocr.o)
                0x000000002000425c                __malloc_free_list
 .bss.__malloc_sbrk_start
                0x0000000020004260        0x4 c:/st/stm32cubeide_1.9.0/stm32cubeide/plugins/com.st.stm32cube.ide.mcu.externaltools.gnu-tools-for-stm32.10.3-2021.10.win32_1.0.0.202111181127/tools/bin/../lib/gcc/arm-none-eabi/10.3.1/../../../../arm-none-eabi/lib/thumb/v7e-m+fp/hard\libc_nano.a(lib_a-nano-mallocr.o)
                0x0000000020004260                __malloc_sbrk_start
 .bss.errno     0x0000000020004264        0x4 c:/st/stm32cubeide_1.9.0/stm32cubeide/plugins/com.st.stm32cube.ide.mcu.externaltools.gnu-tools-for-stm32.10.3-2021.10.win32_1.0.0.202111181127/tools/bin/../lib/gcc/arm-none-eabi/10.3.1/../../../../arm-none-eabi/lib/thumb/v7e-m+fp/hard\libc_nano.a(lib_a-reent.o)
                0x0000000020004264                errno
 *(COMMON)
                0x0000000020004268                . = ALIGN (0x4)
                0x0000000020004268                _ebss = .
                0x0000000020004268                __bss_end__ = _ebss

._user_heap_stack
                0x0000000020004268      0x600
                0x0000000020004268                . = ALIGN (0x4)
                0x0000000020004268                PROVIDE (end = .)
                [!provide]                        PROVIDE (_end = .)
                0x0000000020004468                . = (. + _Min_Heap_Size)
 *fill*         0x0000000020004268      0x200 
                0x0000000020004868                . = (. + _Min_Stack_Size)
 *fill*         0x0000000020004468      0x400 
                0x0000000020004868                . = ALIGN (0x4)

/DISCARD/
 libc.a(*)
 libm.a(*)
 libgcc.a(*)

.ARM.attributes
                0x0000000000000000       0x30
 *(.ARM.attributes)
 .ARM.attributes
                0x0000000000000000       0x1e c:/st/stm32cubeide_1.9.0/stm32cubeide/plugins/com.st.stm32cube.ide.mcu.externaltools.gnu-tools-for-stm32.10.3-2021.10.win32_1.0.0.202111181127/tools/bin/../lib/gcc/arm-none-eabi/10.3.1/thumb/v7e-m+fp/hard/crti.o
 .ARM.attributes
                0x000000000000001e       0x34 c:/st/stm32cubeide_1.9.0/stm32cubeide/plugins/com.st.stm32cube.ide.mcu.externaltools.gnu-tools-for-stm32.10.3-2021.10.win32_1.0.0.202111181127/tools/bin/../lib/gcc/arm-none-eabi/10.3.1/thumb/v7e-m+fp/hard/crtbegin.o
 .ARM.attributes
                0x0000000000000052       0x34 ./Drivers/BSP/Components/ili9341.o
 .ARM.attributes
                0x0000000000000086       0x34 ./Drivers/BSP/Components/l3gd20.o
 .ARM.attributes
                0x00000000000000ba       0x34 ./Drivers/BSP/Components/stmpe811.o
 .ARM.attributes
                0x00000000000000ee       0x34 ./Drivers/BSP/STM32F429I-Discovery/stm32f429i_discovery.o
 .ARM.attributes